Archive member included to satisfy reference by file (symbol)

c:/nxp/mcuxpressoide_11.0.1_2563/ide/plugins/com.nxp.mcuxpresso.tools.win32_11.0.1.201907311258/tools/bin/../lib/gcc/arm-none-eabi/8.2.1/../../../../arm-none-eabi/lib/thumb/v6-m/nofp\libcr_c.a(memcpy.o)
                              ./debug/fsl_flash.o (memcpy)
c:/nxp/mcuxpressoide_11.0.1_2563/ide/plugins/com.nxp.mcuxpresso.tools.win32_11.0.1.201907311258/tools/bin/../lib/gcc/arm-none-eabi/8.2.1/../../../../arm-none-eabi/lib/thumb/v6-m/nofp\libcr_c.a(memset.o)
                              ./debug/fsl_flash.o (memset)
c:/nxp/mcuxpressoide_11.0.1_2563/ide/plugins/com.nxp.mcuxpresso.tools.win32_11.0.1.201907311258/tools/bin/../lib/gcc/arm-none-eabi/8.2.1/../../../../arm-none-eabi/lib/thumb/v6-m/nofp\libcr_c.a(fpprintf.o)
                              ./debug/flash.o (printf)
c:/nxp/mcuxpressoide_11.0.1_2563/ide/plugins/com.nxp.mcuxpresso.tools.win32_11.0.1.201907311258/tools/bin/../lib/gcc/arm-none-eabi/8.2.1/../../../../arm-none-eabi/lib/thumb/v6-m/nofp\libcr_c.a(printf.o)
                              c:/nxp/mcuxpressoide_11.0.1_2563/ide/plugins/com.nxp.mcuxpresso.tools.win32_11.0.1.201907311258/tools/bin/../lib/gcc/arm-none-eabi/8.2.1/../../../../arm-none-eabi/lib/thumb/v6-m/nofp\libcr_c.a(fpprintf.o) (__vfprintf)
c:/nxp/mcuxpressoide_11.0.1_2563/ide/plugins/com.nxp.mcuxpresso.tools.win32_11.0.1.201907311258/tools/bin/../lib/gcc/arm-none-eabi/8.2.1/../../../../arm-none-eabi/lib/thumb/v6-m/nofp\libcr_c.a(strlen.o)
                              ./debug/fsl_debug_console.o (strlen)
c:/nxp/mcuxpressoide_11.0.1_2563/ide/plugins/com.nxp.mcuxpresso.tools.win32_11.0.1.201907311258/tools/bin/../lib/gcc/arm-none-eabi/8.2.1/../../../../arm-none-eabi/lib/thumb/v6-m/nofp\libcr_c.a(_deferredlazyseek.o)
                              c:/nxp/mcuxpressoide_11.0.1_2563/ide/plugins/com.nxp.mcuxpresso.tools.win32_11.0.1.201907311258/tools/bin/../lib/gcc/arm-none-eabi/8.2.1/../../../../arm-none-eabi/lib/thumb/v6-m/nofp\libcr_c.a(fpprintf.o) (__flsbuf)
c:/nxp/mcuxpressoide_11.0.1_2563/ide/plugins/com.nxp.mcuxpresso.tools.win32_11.0.1.201907311258/tools/bin/../lib/gcc/arm-none-eabi/8.2.1/../../../../arm-none-eabi/lib/thumb/v6-m/nofp\libcr_c.a(_fflush.o)
                              c:/nxp/mcuxpressoide_11.0.1_2563/ide/plugins/com.nxp.mcuxpresso.tools.win32_11.0.1.201907311258/tools/bin/../lib/gcc/arm-none-eabi/8.2.1/../../../../arm-none-eabi/lib/thumb/v6-m/nofp\libcr_c.a(_deferredlazyseek.o) (_fflush)
c:/nxp/mcuxpressoide_11.0.1_2563/ide/plugins/com.nxp.mcuxpresso.tools.win32_11.0.1.201907311258/tools/bin/../lib/gcc/arm-none-eabi/8.2.1/../../../../arm-none-eabi/lib/thumb/v6-m/nofp\libcr_c.a(_frexpl.o)
                              c:/nxp/mcuxpressoide_11.0.1_2563/ide/plugins/com.nxp.mcuxpresso.tools.win32_11.0.1.201907311258/tools/bin/../lib/gcc/arm-none-eabi/8.2.1/../../../../arm-none-eabi/lib/thumb/v6-m/nofp\libcr_c.a(fpprintf.o) (_frexpl)
c:/nxp/mcuxpressoide_11.0.1_2563/ide/plugins/com.nxp.mcuxpresso.tools.win32_11.0.1.201907311258/tools/bin/../lib/gcc/arm-none-eabi/8.2.1/../../../../arm-none-eabi/lib/thumb/v6-m/nofp\libcr_c.a(_ldexpl.o)
                              c:/nxp/mcuxpressoide_11.0.1_2563/ide/plugins/com.nxp.mcuxpresso.tools.win32_11.0.1.201907311258/tools/bin/../lib/gcc/arm-none-eabi/8.2.1/../../../../arm-none-eabi/lib/thumb/v6-m/nofp\libcr_c.a(fpprintf.o) (_ldexpl)
c:/nxp/mcuxpressoide_11.0.1_2563/ide/plugins/com.nxp.mcuxpresso.tools.win32_11.0.1.201907311258/tools/bin/../lib/gcc/arm-none-eabi/8.2.1/../../../../arm-none-eabi/lib/thumb/v6-m/nofp\libcr_c.a(_writebuf.o)
                              c:/nxp/mcuxpressoide_11.0.1_2563/ide/plugins/com.nxp.mcuxpresso.tools.win32_11.0.1.201907311258/tools/bin/../lib/gcc/arm-none-eabi/8.2.1/../../../../arm-none-eabi/lib/thumb/v6-m/nofp\libcr_c.a(_deferredlazyseek.o) (_Cwritebuf)
c:/nxp/mcuxpressoide_11.0.1_2563/ide/plugins/com.nxp.mcuxpresso.tools.win32_11.0.1.201907311258/tools/bin/../lib/gcc/arm-none-eabi/8.2.1/../../../../arm-none-eabi/lib/thumb/v6-m/nofp\libcr_c.a(alloc.o)
                              c:/nxp/mcuxpressoide_11.0.1_2563/ide/plugins/com.nxp.mcuxpresso.tools.win32_11.0.1.201907311258/tools/bin/../lib/gcc/arm-none-eabi/8.2.1/../../../../arm-none-eabi/lib/thumb/v6-m/nofp\libcr_c.a(fpprintf.o) (malloc)
c:/nxp/mcuxpressoide_11.0.1_2563/ide/plugins/com.nxp.mcuxpresso.tools.win32_11.0.1.201907311258/tools/bin/../lib/gcc/arm-none-eabi/8.2.1/../../../../arm-none-eabi/lib/thumb/v6-m/nofp\libcr_c.a(errno.o)
                              c:/nxp/mcuxpressoide_11.0.1_2563/ide/plugins/com.nxp.mcuxpresso.tools.win32_11.0.1.201907311258/tools/bin/../lib/gcc/arm-none-eabi/8.2.1/../../../../arm-none-eabi/lib/thumb/v6-m/nofp\libcr_c.a(_ldexpl.o) (errno)
c:/nxp/mcuxpressoide_11.0.1_2563/ide/plugins/com.nxp.mcuxpresso.tools.win32_11.0.1.201907311258/tools/bin/../lib/gcc/arm-none-eabi/8.2.1/../../../../arm-none-eabi/lib/thumb/v6-m/nofp\libcr_c.a(fseek.o)
[...]
Memory Configuration

Name             Origin             Length             Attributes
PROGRAM_FLASH    0x00000000         0x00020000         xr
SRAM             0x1ffff000         0x00004000         xrw
*default*        0x00000000         0xffffffff

Linker script and memory map

LOAD ./debug/main.o
LOAD ./debug/startup_MKL25Z4.o
LOAD ./debug/system_MKL25Z4.o
LOAD ./debug/board.o
LOAD ./debug/clock_config.o
LOAD ./debug/peripherals.o
LOAD ./debug/pin_mux.o
LOAD ./debug/fsl_clock.o
LOAD ./debug/fsl_common.o
LOAD ./debug/fsl_flash.o
LOAD ./debug/fsl_gpio.o
LOAD ./debug/fsl_lpsci.o
LOAD ./debug/fsl_smc.o
LOAD ./debug/fsl_uart.o
LOAD ./debug/flash.o
LOAD ./debug/fsl_debug_console.o
START GROUP
LOAD c:/nxp/mcuxpressoide_11.0.1_2563/ide/plugins/com.nxp.mcuxpresso.tools.win32_11.0.1.201907311258/tools/bin/../lib/gcc/arm-none-eabi/8.2.1/../../../../arm-none-eabi/lib/thumb/v6-m/nofp\libcr_semihost_nf.a
LOAD c:/nxp/mcuxpressoide_11.0.1_2563/ide/plugins/com.nxp.mcuxpresso.tools.win32_11.0.1.201907311258/tools/bin/../lib/gcc/arm-none-eabi/8.2.1/../../../../arm-none-eabi/lib/thumb/v6-m/nofp\libcr_c.a
LOAD c:/nxp/mcuxpressoide_11.0.1_2563/ide/plugins/com.nxp.mcuxpresso.tools.win32_11.0.1.201907311258/tools/bin/../lib/gcc/arm-none-eabi/8.2.1/thumb/v6-m/nofp\libcr_eabihelpers.a
LOAD c:/nxp/mcuxpressoide_11.0.1_2563/ide/plugins/com.nxp.mcuxpresso.tools.win32_11.0.1.201907311258/tools/bin/../lib/gcc/arm-none-eabi/8.2.1/thumb/v6-m/nofp\libgcc.a
END GROUP
                0x00000000                __base_PROGRAM_FLASH = 0x0
                0x00000000                __base_Flash = 0x0
                0x00020000                __top_PROGRAM_FLASH = 0x20000
                0x00020000                __top_Flash = 0x20000
                0x1ffff000                __base_SRAM = 0x1ffff000
                0x1ffff000                __base_RAM = 0x1ffff000
                0x20003000                __top_SRAM = 0x20003000
                0x20003000                __top_RAM = 0x20003000

.text           0x00000000     0x4f08
 FILL mask 0xff
                0x00000000                __vectors_start__ = ABSOLUTE (.)
 *(.isr_vector)
 .isr_vector    0x00000000       0xc0 ./debug/startup_MKL25Z4.o
                0x00000000                g_pfnVectors
                0x00000000                __Vectors
                0x000000c0                . = ALIGN (0x4)
                0x000000c0                __section_table_start = .
                0x000000c0                __data_section_table = .
                0x000000c0        0x4 LONG 0x4f08 LOADADDR (.data)
                0x000000c4        0x4 LONG 0x1ffff000 ADDR (.data)
                0x000000c8        0x4 LONG 0x30 SIZEOF (.data)
                0x000000cc                __data_section_table_end = .
                0x000000cc                __bss_section_table = .
                0x000000cc        0x4 LONG 0x1ffff030 ADDR (.bss)
                0x000000d0        0x4 LONG 0xf0 SIZEOF (.bss)
                0x000000d4                __bss_section_table_end = .
                0x000000d4                __section_table_end = .
 *(.after_vectors*)
 .after_vectors.init_data
                0x000000d4       0x40 ./debug/startup_MKL25Z4.o
                0x000000d4                data_init
 .after_vectors.init_bss
                0x00000114       0x34 ./debug/startup_MKL25Z4.o
                0x00000114                bss_init
 .after_vectors.reset
                0x00000148       0x84 ./debug/startup_MKL25Z4.o
                0x00000148                ResetISR
 .after_vectors
                0x000001cc      0x1e4 ./debug/startup_MKL25Z4.o
                0x000001cc                NMI_Handler
                0x000001d2                HardFault_Handler
                0x000001d8                SVC_Handler
                0x000001de                PendSV_Handler
                0x000001e4                SysTick_Handler
                0x000001ea                LPTMR0_DriverIRQHandler
                0x000001ea                Reserved39_DriverIRQHandler
                0x000001ea                I2C0_DriverIRQHandler
                0x000001ea                SPI1_DriverIRQHandler
                0x000001ea                DMA0_DriverIRQHandler
                0x000001ea                PORTD_DriverIRQHandler
                0x000001ea                DMA2_DriverIRQHandler
                0x000001ea                CMP0_DriverIRQHandler
                0x000001ea                TPM2_DriverIRQHandler
                0x000001ea                ADC0_DriverIRQHandler
                0x000001ea                SPI0_DriverIRQHandler
                0x000001ea                TSI0_DriverIRQHandler
                0x000001ea                RTC_Seconds_DriverIRQHandler
                0x000001ea                I2C1_DriverIRQHandler
                0x000001ea                DMA3_DriverIRQHandler
                0x000001ea                LLWU_DriverIRQHandler
                0x000001ea                MCG_DriverIRQHandler
                0x000001ea                DMA1_DriverIRQHandler
                0x000001ea                PIT_DriverIRQHandler
                0x000001ea                RTC_DriverIRQHandler
                0x000001ea                FTFA_DriverIRQHandler
                0x000001ea                IntDefaultHandler
                0x000001ea                USB0_DriverIRQHandler
                0x000001ea                DAC0_DriverIRQHandler
                0x000001ea                TPM1_DriverIRQHandler
                0x000001ea                LVD_LVW_DriverIRQHandler
                0x000001ea                TPM0_DriverIRQHandler
                0x000001ea                PORTA_DriverIRQHandler
                0x000001ea                Reserved20_DriverIRQHandler
                0x000001ea                Reserved45_DriverIRQHandler
                0x000001f0                DMA0_IRQHandler
                0x000001fe                DMA1_IRQHandler
                0x0000020c                DMA2_IRQHandler
                0x0000021a                DMA3_IRQHandler
                0x00000228                Reserved20_IRQHandler
                0x00000236                FTFA_IRQHandler
                0x00000244                LVD_LVW_IRQHandler
                0x00000252                LLWU_IRQHandler
                0x00000260                I2C0_IRQHandler
                0x0000026e                I2C1_IRQHandler
                0x0000027c                SPI0_IRQHandler
                0x0000028a                SPI1_IRQHandler
                0x00000298                UART0_IRQHandler
                0x000002a6                UART1_IRQHandler
                0x000002b4                UART2_IRQHandler
                0x000002c2                ADC0_IRQHandler
                0x000002d0                CMP0_IRQHandler
                0x000002de                TPM0_IRQHandler
                0x000002ec                TPM1_IRQHandler
                0x000002fa                TPM2_IRQHandler
                0x00000308                RTC_IRQHandler
                0x00000316                RTC_Seconds_IRQHandler
                0x00000324                PIT_IRQHandler
                0x00000332                Reserved39_IRQHandler
                0x00000340                USB0_IRQHandler
                0x0000034e                DAC0_IRQHandler
                0x0000035c                TSI0_IRQHandler
                0x0000036a                MCG_IRQHandler
                0x00000378                LPTMR0_IRQHandler
                0x00000386                Reserved45_IRQHandler
                0x00000394                PORTA_IRQHandler
                0x000003a2                PORTD_IRQHandler
                0x00000400                . = 0x400
 *fill*         0x000003b0       0x50 ff
                0x00000400                PROVIDE (__FLASH_CONFIG_START__ = .)
 *(.FlashConfig)
 .FlashConfig   0x00000400       0x10 ./debug/startup_MKL25Z4.o
                0x00000400                Flash_Config
                0x00000410                PROVIDE (__FLASH_CONFIG_END__ = .)
                0x00000001                ASSERT (! ((__FLASH_CONFIG_START__ == __FLASH_CONFIG_END__)), Linker Flash Config Support Enabled, but no .FlashConfig section provided within application)
 *(.text*)
 .text.GPIO_WritePinOutput
                0x00000410       0x34 ./debug/main.o
 .text.main     0x00000444       0xd4 ./debug/main.o
                0x00000444                main
 .text.SystemInit
                0x00000518       0x18 ./debug/system_MKL25Z4.o
                0x00000518                SystemInit
 .text.CLOCK_SetLpsci0Clock
                0x00000530       0x38 ./debug/board.o
 .text.BOARD_InitDebugConsole
                0x00000568       0x30 ./debug/board.o
                0x00000568                BOARD_InitDebugConsole
 .text.CLOCK_SetSimSafeDivs
                0x00000598       0x20 ./debug/clock_config.o
 .text.CLOCK_SetXtal0Freq
                0x000005b8       0x1c ./debug/clock_config.o
 .text.CLOCK_CONFIG_SetFllExtRefDiv
                0x000005d4       0x3c ./debug/clock_config.o
 .text.BOARD_InitBootClocks
                0x00000610        0xe ./debug/clock_config.o
                0x00000610                BOARD_InitBootClocks
 *fill*         0x0000061e        0x2 ff
 .text.BOARD_BootClockRUN
                0x00000620       0x64 ./debug/clock_config.o
                0x00000620                BOARD_BootClockRUN
 .text.BOARD_InitBootPeripherals
                0x00000684        0xa ./debug/peripherals.o
                0x00000684                BOARD_InitBootPeripherals
 *fill*         0x0000068e        0x2 ff
 .text.CLOCK_EnableClock
                0x00000690       0x34 ./debug/pin_mux.o
 .text.PORT_SetPinConfig
                0x000006c4       0x48 ./debug/pin_mux.o
 .text.PORT_SetPinMux
                0x0000070c       0x40 ./debug/pin_mux.o
 .text.BOARD_InitBootPins
                0x0000074c        0xe ./debug/pin_mux.o
                0x0000074c                BOARD_InitBootPins
 *fill*         0x0000075a        0x2 ff
 .text.BOARD_InitPins
                0x0000075c      0x17c ./debug/pin_mux.o
                0x0000075c                BOARD_InitPins
 .text.CLOCK_SetEr32kClock
                0x000008d8       0x34 ./debug/fsl_clock.o
 .text.CLOCK_SetPllFllSelClock
                0x0000090c       0x38 ./debug/fsl_clock.o
 .text.OSC_SetExtRefClkConfig
                0x00000944       0x3e ./debug/fsl_clock.o
 .text.OSC_SetCapLoad
                0x00000982       0x42 ./debug/fsl_clock.o
 .text.CLOCK_GetMcgExtClkFreq
                0x000009c4       0x34 ./debug/fsl_clock.o
 .text.CLOCK_GetFllExtRefClkFreq
                0x000009f8       0xa4 ./debug/fsl_clock.o
 .text.CLOCK_GetFllRefClkFreq
                0x00000a9c       0x2c ./debug/fsl_clock.o
 .text.CLOCK_GetPll0RefFreq
                0x00000ac8       0x10 ./debug/fsl_clock.o
 .text.CLOCK_GetOscRangeFromFreq
                0x00000ad8       0x4c ./debug/fsl_clock.o
 .text.CLOCK_GetPllFllSelClkFreq
                0x00000b24       0x4c ./debug/fsl_clock.o
                0x00000b24                CLOCK_GetPllFllSelClkFreq
 .text.CLOCK_SetSimConfig
                0x00000b70       0x38 ./debug/fsl_clock.o
                0x00000b70                CLOCK_SetSimConfig
 .text.CLOCK_GetFllFreq
                0x00000ba8       0x84 ./debug/fsl_clock.o
                0x00000ba8                CLOCK_GetFllFreq
 .text.CLOCK_GetPll0Freq
                0x00000c2c       0x80 ./debug/fsl_clock.o
                0x00000c2c                CLOCK_GetPll0Freq
 .text.CLOCK_SetExternalRefClkConfig
                0x00000cac       0x16 ./debug/fsl_clock.o
                0x00000cac                CLOCK_SetExternalRefClkConfig
 *fill*         0x00000cc2        0x2 ff
 .text.CLOCK_SetInternalRefClkConfig
                0x00000cc4      0x124 ./debug/fsl_clock.o
                0x00000cc4                CLOCK_SetInternalRefClkConfig
 .text.CLOCK_EnablePll0
                0x00000de8       0xa0 ./debug/fsl_clock.o
                0x00000de8                CLOCK_EnablePll0
 .text.CLOCK_InitOsc0
                0x00000e88       0x94 ./debug/fsl_clock.o
                0x00000e88                CLOCK_InitOsc0
 .text.CLOCK_SetPbeMode
                0x00000f1c       0xc0 ./debug/fsl_clock.o
                0x00000f1c                CLOCK_SetPbeMode
 .text.CLOCK_BootToPeeMode
                0x00000fdc       0x80 ./debug/fsl_clock.o
                0x00000fdc                CLOCK_BootToPeeMode
 .text.__assert_func
                0x0000105c       0x28 ./debug/fsl_common.o
                0x0000105c                __assert_func
 .text.GPIO_WritePinOutput
                0x00001084       0x34 ./debug/fsl_gpio.o
 .text.GPIO_PinInit
                0x000010b8       0x70 ./debug/fsl_gpio.o
                0x000010b8                GPIO_PinInit
 .text.CLOCK_EnableClock
                0x00001128       0x34 ./debug/fsl_lpsci.o
 .text.LPSCI_GetInstance
                0x0000115c       0x54 ./debug/fsl_lpsci.o
                0x0000115c                LPSCI_GetInstance
 .text.LPSCI_Init
                0x000011b0      0x268 ./debug/fsl_lpsci.o
                0x000011b0                LPSCI_Init
 .text.LPSCI_GetDefaultConfig
                0x00001418       0x54 ./debug/fsl_lpsci.o
                0x00001418                LPSCI_GetDefaultConfig
 .text.LPSCI_GetStatusFlags
                0x0000146c       0x26 ./debug/fsl_lpsci.o
                0x0000146c                LPSCI_GetStatusFlags
 *fill*         0x00001492        0x2 ff
 .text.LPSCI_ClearStatusFlags
                0x00001494       0x94 ./debug/fsl_lpsci.o
                0x00001494                LPSCI_ClearStatusFlags
 .text.LPSCI_WriteBlocking
                0x00001528       0x5c ./debug/fsl_lpsci.o
                0x00001528                LPSCI_WriteBlocking
 .text.LPSCI_ReadBlocking
                0x00001584       0xd0 ./debug/fsl_lpsci.o
                0x00001584                LPSCI_ReadBlocking
 .text.UART0_DriverIRQHandler
                0x00001654       0x24 ./debug/fsl_lpsci.o
                0x00001654                UART0_DriverIRQHandler
 .text.CLOCK_EnableClock
                0x00001678       0x34 ./debug/fsl_uart.o
 .text.UART_GetInstance
                0x000016ac       0x60 ./debug/fsl_uart.o
                0x000016ac                UART_GetInstance
 .text.UART_Init
                0x0000170c      0x1f0 ./debug/fsl_uart.o
                0x0000170c                UART_Init
 .text.UART_GetDefaultConfig
                0x000018fc       0x54 ./debug/fsl_uart.o
                0x000018fc                UART_GetDefaultConfig
 .text.UART_GetStatusFlags
                0x00001950       0x26 ./debug/fsl_uart.o
                0x00001950                UART_GetStatusFlags
 .text.UART_WriteBlocking
                0x00001976       0x3a ./debug/fsl_uart.o
                0x00001976                UART_WriteBlocking
 .text.UART_ReadBlocking
                0x000019b0       0xa8 ./debug/fsl_uart.o
                0x000019b0                UART_ReadBlocking
 .text.UART1_DriverIRQHandler
                0x00001a58       0x24 ./debug/fsl_uart.o
                0x00001a58                UART1_DriverIRQHandler
 .text.UART2_DriverIRQHandler
                0x00001a7c       0x24 ./debug/fsl_uart.o
                0x00001a7c                UART2_DriverIRQHandler
 .text.GPIO_SetPinsOutput
                0x00001aa0       0x18 ./debug/flash.o
 .text.GPIO_TogglePinsOutput
                0x00001ab8       0x18 ./debug/flash.o
 .text.delayMS  0x00001ad0       0x3a ./debug/flash.o
                0x00001ad0                delayMS
 *fill*         0x00001b0a        0x2 ff
 .text.ledShiftState
                0x00001b0c      0x174 ./debug/flash.o
                0x00001b0c                ledShiftState
 .text.UART_EnableTx
                0x00001c80       0x40 ./debug/fsl_debug_console.o
 .text.UART_EnableRx
                0x00001cc0       0x40 ./debug/fsl_debug_console.o
 .text.LPSCI_EnableTx
                0x00001d00       0x40 ./debug/fsl_debug_console.o
 .text.LPSCI_EnableRx
                0x00001d40       0x40 ./debug/fsl_debug_console.o
 .text.DbgConsole_Init
                0x00001d80       0xf0 ./debug/fsl_debug_console.o
                0x00001d80                DbgConsole_Init
 .text.DbgConsole_Printf
                0x00001e70       0x44 ./debug/fsl_debug_console.o
                0x00001e70                DbgConsole_Printf
 .text.DbgConsole_Putchar
                0x00001eb4       0x34 ./debug/fsl_debug_console.o
                0x00001eb4                DbgConsole_Putchar
 .text.DbgConsole_PrintfPaddingCharacter
                0x00001ee8       0x46 ./debug/fsl_debug_console.o
 .text.DbgConsole_ConvertRadixNumToString
                0x00001f2e      0x114 ./debug/fsl_debug_console.o
 .text.DbgConsole_PrintfFormattedData
                0x00002042      0x336 ./debug/fsl_debug_console.o
 .text.memset   0x00002378        0x8 c:/nxp/mcuxpressoide_11.0.1_2563/ide/plugins/com.nxp.mcuxpresso.tools.win32_11.0.1.201907311258/tools/bin/../lib/gcc/arm-none-eabi/8.2.1/../../../../arm-none-eabi/lib/thumb/v6-m/nofp\libcr_c.a(memset.o)
                0x00002378                memset
 .text.fp_round
                0x00002380       0x4a c:/nxp/mcuxpressoide_11.0.1_2563/ide/plugins/com.nxp.mcuxpresso.tools.win32_11.0.1.201907311258/tools/bin/../lib/gcc/arm-none-eabi/8.2.1/../../../../arm-none-eabi/lib/thumb/v6-m/nofp\libcr_c.a(fpprintf.o)
 .text.pr_dec.constprop.1
                0x000023ca       0x30 c:/nxp/mcuxpressoide_11.0.1_2563/ide/plugins/com.nxp.mcuxpresso.tools.win32_11.0.1.201907311258/tools/bin/../lib/gcc/arm-none-eabi/8.2.1/../../../../arm-none-eabi/lib/thumb/v6-m/nofp\libcr_c.a(fpprintf.o)
 *fill*         0x000023fa        0x2 ff
 .text.sprintf  0x000023fc       0x6c c:/nxp/mcuxpressoide_11.0.1_2563/ide/plugins/com.nxp.mcuxpresso.tools.win32_11.0.1.201907311258/tools/bin/../lib/gcc/arm-none-eabi/8.2.1/../../../../arm-none-eabi/lib/thumb/v6-m/nofp\libcr_c.a(fpprintf.o)
                0x000023fc                sprintf
 .text.fp_display
                0x00002468      0x964 c:/nxp/mcuxpressoide_11.0.1_2563/ide/plugins/com.nxp.mcuxpresso.tools.win32_11.0.1.201907311258/tools/bin/../lib/gcc/arm-none-eabi/8.2.1/../../../../arm-none-eabi/lib/thumb/v6-m/nofp\libcr_c.a(fpprintf.o)
 .text.vsnprintf
                0x00002dcc       0x70 c:/nxp/mcuxpressoide_11.0.1_2563/ide/plugins/com.nxp.mcuxpresso.tools.win32_11.0.1.201907311258/tools/bin/../lib/gcc/arm-none-eabi/8.2.1/../../../../arm-none-eabi/lib/thumb/v6-m/nofp\libcr_c.a(fpprintf.o)
                0x00002dcc                vsnprintf
 .text.printf   0x00002e3c       0x50 c:/nxp/mcuxpressoide_11.0.1_2563/ide/plugins/com.nxp.mcuxpresso.tools.win32_11.0.1.201907311258/tools/bin/../lib/gcc/arm-none-eabi/8.2.1/../../../../arm-none-eabi/lib/thumb/v6-m/nofp\libcr_c.a(fpprintf.o)
                0x00002e3c                printf
 .text.__vfprintf
                0x00002e8c      0xcd8 c:/nxp/mcuxpressoide_11.0.1_2563/ide/plugins/com.nxp.mcuxpresso.tools.win32_11.0.1.201907311258/tools/bin/../lib/gcc/arm-none-eabi/8.2.1/../../../../arm-none-eabi/lib/thumb/v6-m/nofp\libcr_c.a(printf.o)
                0x00002e8c                __vfprintf
 .text.strlen   0x00003b64       0x58 c:/nxp/mcuxpressoide_11.0.1_2563/ide/plugins/com.nxp.mcuxpresso.tools.win32_11.0.1.201907311258/tools/bin/../lib/gcc/arm-none-eabi/8.2.1/../../../../arm-none-eabi/lib/thumb/v6-m/nofp\libcr_c.a(strlen.o)
                0x00003b64                strlen
 .text._deferredlazyseek
                0x00003bbc       0x40 c:/nxp/mcuxpressoide_11.0.1_2563/ide/plugins/com.nxp.mcuxpresso.tools.win32_11.0.1.201907311258/tools/bin/../lib/gcc/arm-none-eabi/8.2.1/../../../../arm-none-eabi/lib/thumb/v6-m/nofp\libcr_c.a(_deferredlazyseek.o)
                0x00003bbc                _deferredlazyseek
 .text.__flsbuf
                0x00003bfc      0x14c c:/nxp/mcuxpressoide_11.0.1_2563/ide/plugins/com.nxp.mcuxpresso.tools.win32_11.0.1.201907311258/tools/bin/../lib/gcc/arm-none-eabi/8.2.1/../../../../arm-none-eabi/lib/thumb/v6-m/nofp\libcr_c.a(_deferredlazyseek.o)
                0x00003bfc                __flsbuf
 .text._fflush  0x00003d48       0x5c c:/nxp/mcuxpressoide_11.0.1_2563/ide/plugins/com.nxp.mcuxpresso.tools.win32_11.0.1.201907311258/tools/bin/../lib/gcc/arm-none-eabi/8.2.1/../../../../arm-none-eabi/lib/thumb/v6-m/nofp\libcr_c.a(_fflush.o)
                0x00003d48                _fflush
 .text._frexpl  0x00003da4       0x80 c:/nxp/mcuxpressoide_11.0.1_2563/ide/plugins/com.nxp.mcuxpresso.tools.win32_11.0.1.201907311258/tools/bin/../lib/gcc/arm-none-eabi/8.2.1/../../../../arm-none-eabi/lib/thumb/v6-m/nofp\libcr_c.a(_frexpl.o)
                0x00003da4                _frexpl
 .text._ldexpl  0x00003e24       0x58 c:/nxp/mcuxpressoide_11.0.1_2563/ide/plugins/com.nxp.mcuxpresso.tools.win32_11.0.1.201907311258/tools/bin/../lib/gcc/arm-none-eabi/8.2.1/../../../../arm-none-eabi/lib/thumb/v6-m/nofp\libcr_c.a(_ldexpl.o)
                0x00003e24                _ldexpl
 .text._Cwritebuf
                0x00003e7c       0x68 c:/nxp/mcuxpressoide_11.0.1_2563/ide/plugins/com.nxp.mcuxpresso.tools.win32_11.0.1.201907311258/tools/bin/../lib/gcc/arm-none-eabi/8.2.1/../../../../arm-none-eabi/lib/thumb/v6-m/nofp\libcr_c.a(_writebuf.o)
                0x00003e7c                _Cwritebuf
 .text.malloc   0x00003ee4       0xcc c:/nxp/mcuxpressoide_11.0.1_2563/ide/plugins/com.nxp.mcuxpresso.tools.win32_11.0.1.201907311258/tools/bin/../lib/gcc/arm-none-eabi/8.2.1/../../../../arm-none-eabi/lib/thumb/v6-m/nofp\libcr_c.a(alloc.o)
                0x00003ee4                malloc
 .text.free     0x00003fb0       0x2c c:/nxp/mcuxpressoide_11.0.1_2563/ide/plugins/com.nxp.mcuxpresso.tools.win32_11.0.1.201907311258/tools/bin/../lib/gcc/arm-none-eabi/8.2.1/../../../../arm-none-eabi/lib/thumb/v6-m/nofp\libcr_c.a(alloc.o)
                0x00003fb0                free
 .text._Csys_alloc
                0x00003fdc       0x20 c:/nxp/mcuxpressoide_11.0.1_2563/ide/plugins/com.nxp.mcuxpresso.tools.win32_11.0.1.201907311258/tools/bin/../lib/gcc/arm-none-eabi/8.2.1/../../../../arm-none-eabi/lib/thumb/v6-m/nofp\libcr_c.a(alloc.o)
                0x00003fdc                _Csys_alloc
 .text.fseek    0x00003ffc       0xf0 c:/nxp/mcuxpressoide_11.0.1_2563/ide/plugins/com.nxp.mcuxpresso.tools.win32_11.0.1.201907311258/tools/bin/../lib/gcc/arm-none-eabi/8.2.1/../../../../arm-none-eabi/lib/thumb/v6-m/nofp\libcr_c.a(fseek.o)
                0x00003ffc                fseek
 .text.ftell    0x000040ec       0x48 c:/nxp/mcuxpressoide_11.0.1_2563/ide/plugins/com.nxp.mcuxpresso.tools.win32_11.0.1.201907311258/tools/bin/../lib/gcc/arm-none-eabi/8.2.1/../../../../arm-none-eabi/lib/thumb/v6-m/nofp\libcr_c.a(ftell.o)
                0x000040ec                ftell
 .text._sbrk    0x00004134       0x40 c:/nxp/mcuxpressoide_11.0.1_2563/ide/plugins/com.nxp.mcuxpresso.tools.win32_11.0.1.201907311258/tools/bin/../lib/gcc/arm-none-eabi/8.2.1/../../../../arm-none-eabi/lib/thumb/v6-m/nofp\libcr_c.a(_cr_sbrk.o)
                0x00004134                _sbrk
 .text.__check_heap_overflow
                0x00004174       0x14 c:/nxp/mcuxpressoide_11.0.1_2563/ide/plugins/com.nxp.mcuxpresso.tools.win32_11.0.1.201907311258/tools/bin/../lib/gcc/arm-none-eabi/8.2.1/../../../../arm-none-eabi/lib/thumb/v6-m/nofp\libcr_c.a(_cr_check_heap.o)
                0x00004174                __check_heap_overflow
 .text.__aeabi_division_idivmod
                0x00004188       0x78 c:/nxp/mcuxpressoide_11.0.1_2563/ide/plugins/com.nxp.mcuxpresso.tools.win32_11.0.1.201907311258/tools/bin/../lib/gcc/arm-none-eabi/8.2.1/thumb/v6-m/nofp\libcr_eabihelpers.a(division_32.o)
                0x00004188                __aeabi_idivmod
                0x00004188                __aeabi_idiv
                0x0000418e                __aeabi_uidivmod
                0x0000418e                __aeabi_uidiv
 .text.__aeabi_division_idiv0
                0x00004200        0x2 c:/nxp/mcuxpressoide_11.0.1_2563/ide/plugins/com.nxp.mcuxpresso.tools.win32_11.0.1.201907311258/tools/bin/../lib/gcc/arm-none-eabi/8.2.1/thumb/v6-m/nofp\libcr_eabihelpers.a(division_idiv0.o)
                0x00004200                __aeabi_idiv0
 *fill*         0x00004202        0x2 ff
 .text.__aeabi_dmul
                0x00004204      0x188 c:/nxp/mcuxpressoide_11.0.1_2563/ide/plugins/com.nxp.mcuxpresso.tools.win32_11.0.1.201907311258/tools/bin/../lib/gcc/arm-none-eabi/8.2.1/thumb/v6-m/nofp\libcr_eabihelpers.a(double.o)
                0x00004204                __aeabi_dmul
 .text.__aeabi_ddiv
                0x0000438c      0x148 c:/nxp/mcuxpressoide_11.0.1_2563/ide/plugins/com.nxp.mcuxpresso.tools.win32_11.0.1.201907311258/tools/bin/../lib/gcc/arm-none-eabi/8.2.1/thumb/v6-m/nofp\libcr_eabihelpers.a(double.o)
                0x0000438c                __aeabi_ddiv
 .text.__aeabi_dsub
                0x000044d4      0x1c4 c:/nxp/mcuxpressoide_11.0.1_2563/ide/plugins/com.nxp.mcuxpresso.tools.win32_11.0.1.201907311258/tools/bin/../lib/gcc/arm-none-eabi/8.2.1/thumb/v6-m/nofp\libcr_eabihelpers.a(double.o)
                0x000044d4                __aeabi_dsub
 .text.__aeabi_dadd
                0x00004698      0x12c c:/nxp/mcuxpressoide_11.0.1_2563/ide/plugins/com.nxp.mcuxpresso.tools.win32_11.0.1.201907311258/tools/bin/../lib/gcc/arm-none-eabi/8.2.1/thumb/v6-m/nofp\libcr_eabihelpers.a(double.o)
                0x00004698                __aeabi_dadd
 .text.__aeabi_d2iz
                0x000047c4       0x4c c:/nxp/mcuxpressoide_11.0.1_2563/ide/plugins/com.nxp.mcuxpresso.tools.win32_11.0.1.201907311258/tools/bin/../lib/gcc/arm-none-eabi/8.2.1/thumb/v6-m/nofp\libcr_eabihelpers.a(double.o)
                0x000047c4                __aeabi_d2iz
 .text.__bhs_ui2d
                0x00004810       0x5e c:/nxp/mcuxpressoide_11.0.1_2563/ide/plugins/com.nxp.mcuxpresso.tools.win32_11.0.1.201907311258/tools/bin/../lib/gcc/arm-none-eabi/8.2.1/thumb/v6-m/nofp\libcr_eabihelpers.a(double.o)
                0x00004810                __bhs_ui2d
 .text.__aeabi_i2d
                0x0000486e       0x18 c:/nxp/mcuxpressoide_11.0.1_2563/ide/plugins/com.nxp.mcuxpresso.tools.win32_11.0.1.201907311258/tools/bin/../lib/gcc/arm-none-eabi/8.2.1/thumb/v6-m/nofp\libcr_eabihelpers.a(double.o)
                0x0000486e                __aeabi_i2d
 *fill*         0x00004886        0x2 ff
 .text.__aeabi_dcmpeq
                0x00004888       0x30 c:/nxp/mcuxpressoide_11.0.1_2563/ide/plugins/com.nxp.mcuxpresso.tools.win32_11.0.1.201907311258/tools/bin/../lib/gcc/arm-none-eabi/8.2.1/thumb/v6-m/nofp\libcr_eabihelpers.a(double.o)
                0x00004888                __aeabi_dcmpeq
 .text.__aeabi_dcmplt
                0x000048b8       0x60 c:/nxp/mcuxpressoide_11.0.1_2563/ide/plugins/com.nxp.mcuxpresso.tools.win32_11.0.1.201907311258/tools/bin/../lib/gcc/arm-none-eabi/8.2.1/thumb/v6-m/nofp\libcr_eabihelpers.a(double.o)
                0x000048b8                __aeabi_dcmplt
 .text.__aeabi_dcmple
                0x00004918       0x58 c:/nxp/mcuxpressoide_11.0.1_2563/ide/plugins/com.nxp.mcuxpresso.tools.win32_11.0.1.201907311258/tools/bin/../lib/gcc/arm-none-eabi/8.2.1/thumb/v6-m/nofp\libcr_eabihelpers.a(double.o)
                0x00004918                __aeabi_dcmple
 .text.__aeabi_dcmpge
                0x00004970       0x60 c:/nxp/mcuxpressoide_11.0.1_2563/ide/plugins/com.nxp.mcuxpresso.tools.win32_11.0.1.201907311258/tools/bin/../lib/gcc/arm-none-eabi/8.2.1/thumb/v6-m/nofp\libcr_eabihelpers.a(double.o)
                0x00004970                __aeabi_dcmpge
 .text.__aeabi_llong_lmul
                0x000049d0       0x2e c:/nxp/mcuxpressoide_11.0.1_2563/ide/plugins/com.nxp.mcuxpresso.tools.win32_11.0.1.201907311258/tools/bin/../lib/gcc/arm-none-eabi/8.2.1/thumb/v6-m/nofp\libcr_eabihelpers.a(llong.o)
                0x000049d0                __aeabi_lmul
 .text.__aeabi_memset_lowlevel
                0x000049fe       0x2a c:/nxp/mcuxpressoide_11.0.1_2563/ide/plugins/com.nxp.mcuxpresso.tools.win32_11.0.1.201907311258/tools/bin/../lib/gcc/arm-none-eabi/8.2.1/thumb/v6-m/nofp\libcr_eabihelpers.a(memcpy.o)
                0x000049fe                __aeabi_lowlevel_memset
 .text.__sys_appexit
                0x00004a28        0xc c:/nxp/mcuxpressoide_11.0.1_2563/ide/plugins/com.nxp.mcuxpresso.tools.win32_11.0.1.201907311258/tools/bin/../lib/gcc/arm-none-eabi/8.2.1/../../../../arm-none-eabi/lib/thumb/v6-m/nofp\libcr_semihost_nf.a(__sys_appexit.o)
                0x00004a28                __sys_appexit
                0x00004a28                __exit
 .text.__sys_flen
                0x00004a34        0xc c:/nxp/mcuxpressoide_11.0.1_2563/ide/plugins/com.nxp.mcuxpresso.tools.win32_11.0.1.201907311258/tools/bin/../lib/gcc/arm-none-eabi/8.2.1/../../../../arm-none-eabi/lib/thumb/v6-m/nofp\libcr_semihost_nf.a(__sys_flen.o)
                0x00004a34                __sys_flen
 .text.__sys_istty
                0x00004a40        0xc c:/nxp/mcuxpressoide_11.0.1_2563/ide/plugins/com.nxp.mcuxpresso.tools.win32_11.0.1.201907311258/tools/bin/../lib/gcc/arm-none-eabi/8.2.1/../../../../arm-none-eabi/lib/thumb/v6-m/nofp\libcr_semihost_nf.a(__sys_istty.o)
                0x00004a40                __sys_istty
 .text.__sys_seek
                0x00004a4c        0xc c:/nxp/mcuxpressoide_11.0.1_2563/ide/plugins/com.nxp.mcuxpresso.tools.win32_11.0.1.201907311258/tools/bin/../lib/gcc/arm-none-eabi/8.2.1/../../../../arm-none-eabi/lib/thumb/v6-m/nofp\libcr_semihost_nf.a(__sys_seek.o)
                0x00004a4c                __sys_seek
 .text.__sys_write
                0x00004a58        0xc c:/nxp/mcuxpressoide_11.0.1_2563/ide/plugins/com.nxp.mcuxpresso.tools.win32_11.0.1.201907311258/tools/bin/../lib/gcc/arm-none-eabi/8.2.1/../../../../arm-none-eabi/lib/thumb/v6-m/nofp\libcr_semihost_nf.a(__sys_write.o)
                0x00004a58                __sys_write
 *(.rodata .rodata.* .constdata .constdata.*)
 .rodata        0x00004a64       0x14 ./debug/main.o
 .rodata.mcgConfig_BOARD_BootClockRUN
                0x00004a78        0xa ./debug/clock_config.o
                0x00004a78                mcgConfig_BOARD_BootClockRUN
 *fill*         0x00004a82        0x2 ff
 .rodata.simConfig_BOARD_BootClockRUN
                0x00004a84        0x8 ./debug/clock_config.o
                0x00004a84                simConfig_BOARD_BootClockRUN
 .rodata.oscConfig_BOARD_BootClockRUN
                0x00004a8c        0x8 ./debug/clock_config.o
                0x00004a8c                oscConfig_BOARD_BootClockRUN
 .rodata        0x00004a94       0x1e ./debug/pin_mux.o
 *fill*         0x00004ab2        0x2 ff
 .rodata.__func__.5352
                0x00004ab4       0x12 ./debug/pin_mux.o
 *fill*         0x00004ac6        0x2 ff
 .rodata        0x00004ac8       0x43 ./debug/fsl_clock.o
 *fill*         0x00004b0b        0x1 ff
 .rodata.__func__.5326
                0x00004b0c       0x17 ./debug/fsl_clock.o
 *fill*         0x00004b23        0x1 ff
 .rodata.fllFactorTable.5432
                0x00004b24       0x10 ./debug/fsl_clock.o
 .rodata.__func__.5447
                0x00004b34       0x12 ./debug/fsl_clock.o
 *fill*         0x00004b46        0x2 ff
 .rodata.__func__.5487
                0x00004b48       0x11 ./debug/fsl_clock.o
 *fill*         0x00004b59        0x3 ff
 .rodata.__func__.5624
                0x00004b5c       0x11 ./debug/fsl_clock.o
 *fill*         0x00004b6d        0x3 ff
 .rodata.__func__.5691
                0x00004b70       0x14 ./debug/fsl_clock.o
 .rodata        0x00004b84       0x3e ./debug/fsl_common.o
 *fill*         0x00004bc2        0x2 ff
 .rodata        0x00004bc4       0x3f ./debug/fsl_gpio.o
 *fill*         0x00004c03        0x1 ff
 .rodata.__func__.5347
                0x00004c04        0xd ./debug/fsl_gpio.o
 *fill*         0x00004c11        0x3 ff
 .rodata        0x00004c14       0xae ./debug/fsl_lpsci.o
 *fill*         0x00004cc2        0x2 ff
 .rodata.__func__.5507
                0x00004cc4       0x12 ./debug/fsl_lpsci.o
 *fill*         0x00004cd6        0x2 ff
 .rodata.__func__.5543
                0x00004cd8        0xb ./debug/fsl_lpsci.o
 *fill*         0x00004ce3        0x1 ff
 .rodata.__func__.5564
                0x00004ce4       0x17 ./debug/fsl_lpsci.o
 *fill*         0x00004cfb        0x1 ff
 .rodata.__func__.5609
                0x00004cfc       0x14 ./debug/fsl_lpsci.o
 .rodata.__func__.5621
                0x00004d10       0x13 ./debug/fsl_lpsci.o
 *fill*         0x00004d23        0x1 ff
 .rodata.s_uartBases
                0x00004d24        0xc ./debug/fsl_uart.o
 .rodata.s_uartClock
                0x00004d30        0xc ./debug/fsl_uart.o
 .rodata        0x00004d3c       0xa6 ./debug/fsl_uart.o
 *fill*         0x00004de2        0x2 ff
 .rodata.__func__.5510
                0x00004de4       0x11 ./debug/fsl_uart.o
 *fill*         0x00004df5        0x3 ff
 .rodata.__func__.5526
                0x00004df8        0xa ./debug/fsl_uart.o
 *fill*         0x00004e02        0x2 ff
 .rodata.__func__.5539
                0x00004e04       0x16 ./debug/fsl_uart.o
 *fill*         0x00004e1a        0x2 ff
 .rodata.__func__.5597
                0x00004e1c       0x12 ./debug/fsl_uart.o
 *fill*         0x00004e2e        0x2 ff
 .rodata        0x00004e30       0x59 ./debug/flash.o
 .rodata.fp_display.str1.1
                0x00004e89       0x34 c:/nxp/mcuxpressoide_11.0.1_2563/ide/plugins/com.nxp.mcuxpresso.tools.win32_11.0.1.201907311258/tools/bin/../lib/gcc/arm-none-eabi/8.2.1/../../../../arm-none-eabi/lib/thumb/v6-m/nofp\libcr_c.a(fpprintf.o)
                                 0x35 (size before relaxing)
 .rodata.__vfprintf.str1.1
                0x00004ebd       0x31 c:/nxp/mcuxpressoide_11.0.1_2563/ide/plugins/com.nxp.mcuxpresso.tools.win32_11.0.1.201907311258/tools/bin/../lib/gcc/arm-none-eabi/8.2.1/../../../../arm-none-eabi/lib/thumb/v6-m/nofp\libcr_c.a(printf.o)
                                 0x38 (size before relaxing)
 .rodata._Csys_alloc.str1.1
                0x00004eee       0x18 c:/nxp/mcuxpressoide_11.0.1_2563/ide/plugins/com.nxp.mcuxpresso.tools.win32_11.0.1.201907311258/tools/bin/../lib/gcc/arm-none-eabi/8.2.1/../../../../arm-none-eabi/lib/thumb/v6-m/nofp\libcr_c.a(alloc.o)
                0x00004f08                . = ALIGN (0x4)
 *fill*         0x00004f06        0x2 ff

.glue_7         0x00004f08        0x0
 .glue_7        0x00004f08        0x0 linker stubs

.glue_7t        0x00004f08        0x0
 .glue_7t       0x00004f08        0x0 linker stubs

.vfp11_veneer   0x00004f08        0x0
 .vfp11_veneer  0x00004f08        0x0 linker stubs

.v4_bx          0x00004f08        0x0
 .v4_bx         0x00004f08        0x0 linker stubs

.iplt           0x00004f08        0x0
 .iplt          0x00004f08        0x0 ./debug/main.o

.rel.dyn        0x00004f08        0x0
 .rel.iplt      0x00004f08        0x0 ./debug/main.o

.ARM.extab
 *(.ARM.extab* .gnu.linkonce.armextab.*)
                0x00004f08                __exidx_start = .

.ARM.exidx
 *(.ARM.exidx* .gnu.linkonce.armexidx.*)
                0x00004f08                __exidx_end = .
                0x00004f08                _etext = .

.m_usb_data
 *(m_usb_bdt)

.mtb_buffer_default
 *(.mtb*)

.uninit_RESERVED
                0x1ffff000        0x0
                0x1ffff000                . = ALIGN (0x4)
 *(.bss.$RESERVED*)
                0x1ffff000                . = ALIGN (0x4)
                0x1ffff000                _end_uninit_RESERVED = .

.data           0x1ffff000       0x30 load address 0x00004f08
 FILL mask 0xff
                0x1ffff000                _data = .
 *(vtable)
 *(.ramfunc*)
 *(CodeQuickAccess)
 *(DataQuickAccess)
 *(RamFunction)
 *(.data*)
 .data.DELAY_TIMES
                0x1ffff000       0x28 ./debug/main.o
 .data.SystemCoreClock
                0x1ffff028        0x4 ./debug/system_MKL25Z4.o
                0x1ffff028                SystemCoreClock
 .data.s_slowIrcFreq
                0x1ffff02c        0x4 ./debug/fsl_clock.o
                0x1ffff030                . = ALIGN (0x4)
                0x1ffff030                _edata = .

.igot.plt       0x1ffff030        0x0 load address 0x00004f38
 .igot.plt      0x1ffff030        0x0 ./debug/main.o

.bss            0x1ffff030       0xf0 load address 0x00004f38
                0x1ffff030                . = ALIGN (0x4)
                0x1ffff030                _bss = .
 *(.bss*)
 .bss.s_lpsciHandle
                0x1ffff030        0x4 ./debug/fsl_lpsci.o
 .bss.s_lpsciIsr
                0x1ffff034        0x4 ./debug/fsl_lpsci.o
 .bss.s_uartHandle
                0x1ffff038        0xc ./debug/fsl_uart.o
 .bss.s_uartIsr
                0x1ffff044        0x4 ./debug/fsl_uart.o
 .bss.s_debugConsole
                0x1ffff048       0x10 ./debug/fsl_debug_console.o
 .bss.errno     0x1ffff058        0x4 c:/nxp/mcuxpressoide_11.0.1_2563/ide/plugins/com.nxp.mcuxpresso.tools.win32_11.0.1.201907311258/tools/bin/../lib/gcc/arm-none-eabi/8.2.1/../../../../arm-none-eabi/lib/thumb/v6-m/nofp\libcr_c.a(errno.o)
                0x1ffff058                errno
 .bss.__end_of_heap
                0x1ffff05c        0x4 c:/nxp/mcuxpressoide_11.0.1_2563/ide/plugins/com.nxp.mcuxpresso.tools.win32_11.0.1.201907311258/tools/bin/../lib/gcc/arm-none-eabi/8.2.1/../../../../arm-none-eabi/lib/thumb/v6-m/nofp\libcr_c.a(__init_alloc.o)
                0x1ffff05c                __end_of_heap
 .bss.__heaps   0x1ffff060        0x4 c:/nxp/mcuxpressoide_11.0.1_2563/ide/plugins/com.nxp.mcuxpresso.tools.win32_11.0.1.201907311258/tools/bin/../lib/gcc/arm-none-eabi/8.2.1/../../../../arm-none-eabi/lib/thumb/v6-m/nofp\libcr_c.a(__init_alloc.o)
                0x1ffff060                __heaps
 .bss.__Ciob    0x1ffff064       0xb4 c:/nxp/mcuxpressoide_11.0.1_2563/ide/plugins/com.nxp.mcuxpresso.tools.win32_11.0.1.201907311258/tools/bin/../lib/gcc/arm-none-eabi/8.2.1/../../../../arm-none-eabi/lib/thumb/v6-m/nofp\libcr_semihost_nf.a(__ciob.o)
                0x1ffff064                __Ciob
 *(COMMON)
 COMMON         0x1ffff118        0x8 ./debug/fsl_clock.o
                0x1ffff118                g_xtal32Freq
                0x1ffff11c                g_xtal0Freq
                0x1ffff120                . = ALIGN (0x4)
                0x1ffff120                _ebss = .
                [!provide]                PROVIDE (end = .)

.noinit         0x1ffff120        0x0 load address 0x00004f38
                0x1ffff120                . = ALIGN (0x4)
                0x1ffff120                _noinit = .
 *(.noinit*)
                0x1ffff120                . = ALIGN (0x4)
                0x1ffff120                _end_noinit = .
                0x00000400                _HeapSize = 0x400

.heap           0x1ffff120      0x400 load address 0x00004f38
                0x1ffff120                _pvHeapStart = .
                0x1ffff520                . = (. + _HeapSize)
 *fill*         0x1ffff120      0x400 
                0x1ffff520                . = ALIGN (0x4)
                0x1ffff520                _pvHeapLimit = .
                0x00000400                _StackSize = 0x400

.heap2stackfill
                0x1ffff520      0x400 load address 0x00004f38
                0x1ffff920                . = (. + _StackSize)
 *fill*         0x1ffff520      0x400 

.stack          0x20002c00        0x0
                0x20002c00                _vStackBase = .
                0x20002c00                . = ALIGN (0x4)
                0x20003000                _vStackTop = (. + _StackSize)
                0x00000000                _image_start = LOADADDR (.text)
                0x00004f38                _image_end = (LOADADDR (.data) + SIZEOF (.data))
                0x00004f38                _image_size = (_image_end - _image_start)
OUTPUT(./debug/PES_Project_2.axf elf32-littlearm)

.debug_info     0x00000000     0xef53
 .debug_info    0x00000000      0xf57 ./debug/main.o
 .debug_info    0x00000f57      0x4f5 ./debug/startup_MKL25Z4.o
 .debug_info    0x0000144c      0x421 ./debug/system_MKL25Z4.o
 .debug_info    0x0000186d      0xf78 ./debug/board.o
 .debug_info    0x000027e5     0x137c ./debug/clock_config.o
 .debug_info    0x00003b61       0x38 ./debug/peripherals.o
 .debug_info    0x00003b99     0x10d6 ./debug/pin_mux.o
 .debug_info    0x00004c6f     0x2409 ./debug/fsl_clock.o
 .debug_info    0x00007078      0xce0 ./debug/fsl_common.o
 .debug_info    0x00007d58      0xe2c ./debug/fsl_gpio.o
 .debug_info    0x00008b84     0x1f25 ./debug/fsl_lpsci.o
 .debug_info    0x0000aaa9     0x1ea2 ./debug/fsl_uart.o
 .debug_info    0x0000c94b      0xe2a ./debug/flash.o
 .debug_info    0x0000d775     0x17de ./debug/fsl_debug_console.o

.debug_abbrev   0x00000000     0x25c6
 .debug_abbrev  0x00000000      0x287 ./debug/main.o
 .debug_abbrev  0x00000287      0x17b ./debug/startup_MKL25Z4.o
 .debug_abbrev  0x00000402      0x12b ./debug/system_MKL25Z4.o
 .debug_abbrev  0x0000052d      0x259 ./debug/board.o
 .debug_abbrev  0x00000786      0x2e5 ./debug/clock_config.o
 .debug_abbrev  0x00000a6b       0x2e ./debug/peripherals.o
 .debug_abbrev  0x00000a99      0x322 ./debug/pin_mux.o
 .debug_abbrev  0x00000dbb      0x436 ./debug/fsl_clock.o
 .debug_abbrev  0x000011f1      0x379 ./debug/fsl_common.o
 .debug_abbrev  0x0000156a      0x299 ./debug/fsl_gpio.o
 .debug_abbrev  0x00001803      0x3c2 ./debug/fsl_lpsci.o
 .debug_abbrev  0x00001bc5      0x3dc ./debug/fsl_uart.o
 .debug_abbrev  0x00001fa1      0x29c ./debug/flash.o
 .debug_abbrev  0x0000223d      0x389 ./debug/fsl_debug_console.o

.debug_aranges  0x00000000      0x800
 .debug_aranges
                0x00000000       0x28 ./debug/main.o
 .debug_aranges
                0x00000028      0x160 ./debug/startup_MKL25Z4.o
 .debug_aranges
                0x00000188       0x28 ./debug/system_MKL25Z4.o
 .debug_aranges
                0x000001b0       0x28 ./debug/board.o
 .debug_aranges
                0x000001d8       0x58 ./debug/clock_config.o
 .debug_aranges
                0x00000230       0x20 ./debug/peripherals.o
 .debug_aranges
                0x00000250       0x40 ./debug/pin_mux.o
 .debug_aranges
                0x00000290      0x1d8 ./debug/fsl_clock.o
 .debug_aranges
                0x00000468       0x38 ./debug/fsl_common.o
 .debug_aranges
                0x000004a0       0x40 ./debug/fsl_gpio.o
 .debug_aranges
                0x000004e0      0x118 ./debug/fsl_lpsci.o
 .debug_aranges
                0x000005f8      0x130 ./debug/fsl_uart.o
 .debug_aranges
                0x00000728       0x38 ./debug/flash.o
 .debug_aranges
                0x00000760       0xa0 ./debug/fsl_debug_console.o

.debug_ranges   0x00000000      0x720
 .debug_ranges  0x00000000       0x18 ./debug/main.o
 .debug_ranges  0x00000018      0x150 ./debug/startup_MKL25Z4.o
 .debug_ranges  0x00000168       0x18 ./debug/system_MKL25Z4.o
 .debug_ranges  0x00000180       0x18 ./debug/board.o
 .debug_ranges  0x00000198       0x48 ./debug/clock_config.o
 .debug_ranges  0x000001e0       0x10 ./debug/peripherals.o
 .debug_ranges  0x000001f0       0x30 ./debug/pin_mux.o
 .debug_ranges  0x00000220      0x1c8 ./debug/fsl_clock.o
 .debug_ranges  0x000003e8       0x28 ./debug/fsl_common.o
 .debug_ranges  0x00000410       0x30 ./debug/fsl_gpio.o
 .debug_ranges  0x00000440      0x108 ./debug/fsl_lpsci.o
 .debug_ranges  0x00000548      0x120 ./debug/fsl_uart.o
 .debug_ranges  0x00000668       0x28 ./debug/flash.o
 .debug_ranges  0x00000690       0x90 ./debug/fsl_debug_console.o

.debug_line     0x00000000     0x56af
 .debug_line    0x00000000      0x2fe ./debug/main.o
 .debug_line    0x000002fe      0x246 ./debug/startup_MKL25Z4.o
 .debug_line    0x00000544      0x2bd ./debug/system_MKL25Z4.o
 .debug_line    0x00000801      0x2a0 ./debug/board.o
 .debug_line    0x00000aa1      0x37d ./debug/clock_config.o
 .debug_line    0x00000e1e       0x48 ./debug/peripherals.o
 .debug_line    0x00000e66      0x358 ./debug/pin_mux.o
 .debug_line    0x000011be     0x12cd ./debug/fsl_clock.o
 .debug_line    0x0000248b      0x3e2 ./debug/fsl_common.o
 .debug_line    0x0000286d      0x358 ./debug/fsl_gpio.o
 .debug_line    0x00002bc5      0xd51 ./debug/fsl_lpsci.o
 .debug_line    0x00003916      0xd3f ./debug/fsl_uart.o
 .debug_line    0x00004655      0x368 ./debug/flash.o
 .debug_line    0x000049bd      0xcf2 ./debug/fsl_debug_console.o

.debug_str      0x00000000     0x4280
 .debug_str     0x00000000      0xda7 ./debug/main.o
                                0xe47 (size before relaxing)
 .debug_str     0x00000da7      0x391 ./debug/startup_MKL25Z4.o
                                0x4af (size before relaxing)
 .debug_str     0x00001138      0x137 ./debug/system_MKL25Z4.o
                                0x310 (size before relaxing)
 .debug_str     0x0000126f       0x54 ./debug/board.o
                                0xa4e (size before relaxing)
 .debug_str     0x000012c3      0x2dd ./debug/clock_config.o
                               0x118c (size before relaxing)
 .debug_str     0x000015a0       0x2e ./debug/peripherals.o
                                0x139 (size before relaxing)
 .debug_str     0x000015ce      0x54a ./debug/pin_mux.o
                                0xc2c (size before relaxing)
 .debug_str     0x00001b18      0xb63 ./debug/fsl_clock.o
                               0x1bc3 (size before relaxing)
 .debug_str     0x0000267b      0x304 ./debug/fsl_common.o
                                0x8c7 (size before relaxing)
 .debug_str     0x0000297f       0x93 ./debug/fsl_gpio.o
                                0xbd5 (size before relaxing)
 .debug_str     0x00002a12      0xac9 ./debug/fsl_lpsci.o
                               0x198b (size before relaxing)
 .debug_str     0x000034db      0x8e3 ./debug/fsl_uart.o
                               0x1997 (size before relaxing)
 .debug_str     0x00003dbe       0x69 ./debug/flash.o
                                0x9ee (size before relaxing)
 .debug_str     0x00003e27      0x459 ./debug/fsl_debug_console.o
                               0x1194 (size before relaxing)

.comment        0x00000000       0x75
 .comment       0x00000000       0x75 ./debug/main.o
                                 0x76 (size before relaxing)
 .comment       0x00000075       0x76 ./debug/startup_MKL25Z4.o
 .comment       0x00000075       0x76 ./debug/system_MKL25Z4.o
 .comment       0x00000075       0x76 ./debug/board.o
 .comment       0x00000075       0x76 ./debug/clock_config.o
 .comment       0x00000075       0x76 ./debug/peripherals.o
 .comment       0x00000075       0x76 ./debug/pin_mux.o
 .comment       0x00000075       0x76 ./debug/fsl_clock.o
 .comment       0x00000075       0x76 ./debug/fsl_common.o
 .comment       0x00000075       0x76 ./debug/fsl_gpio.o
 .comment       0x00000075       0x76 ./debug/fsl_lpsci.o
 .comment       0x00000075       0x76 ./debug/fsl_uart.o
 .comment       0x00000075       0x76 ./debug/flash.o
 .comment       0x00000075       0x76 ./debug/fsl_debug_console.o
 .comment       0x00000075       0x76 c:/nxp/mcuxpressoide_11.0.1_2563/ide/plugins/com.nxp.mcuxpresso.tools.win32_11.0.1.201907311258/tools/bin/../lib/gcc/arm-none-eabi/8.2.1/../../../../arm-none-eabi/lib/thumb/v6-m/nofp\libcr_c.a(memset.o)
 .comment       0x00000075       0x76 c:/nxp/mcuxpressoide_11.0.1_2563/ide/plugins/com.nxp.mcuxpresso.tools.win32_11.0.1.201907311258/tools/bin/../lib/gcc/arm-none-eabi/8.2.1/../../../../arm-none-eabi/lib/thumb/v6-m/nofp\libcr_c.a(fpprintf.o)
 .comment       0x00000075       0x76 c:/nxp/mcuxpressoide_11.0.1_2563/ide/plugins/com.nxp.mcuxpresso.tools.win32_11.0.1.201907311258/tools/bin/../lib/gcc/arm-none-eabi/8.2.1/../../../../arm-none-eabi/lib/thumb/v6-m/nofp\libcr_c.a(printf.o)
 .comment       0x00000075       0x76 c:/nxp/mcuxpressoide_11.0.1_2563/ide/plugins/com.nxp.mcuxpresso.tools.win32_11.0.1.201907311258/tools/bin/../lib/gcc/arm-none-eabi/8.2.1/../../../../arm-none-eabi/lib/thumb/v6-m/nofp\libcr_c.a(strlen.o)
 .comment       0x00000075       0x76 c:/nxp/mcuxpressoide_11.0.1_2563/ide/plugins/com.nxp.mcuxpresso.tools.win32_11.0.1.201907311258/tools/bin/../lib/gcc/arm-none-eabi/8.2.1/../../../../arm-none-eabi/lib/thumb/v6-m/nofp\libcr_c.a(_deferredlazyseek.o)
 .comment       0x00000075       0x76 c:/nxp/mcuxpressoide_11.0.1_2563/ide/plugins/com.nxp.mcuxpresso.tools.win32_11.0.1.201907311258/tools/bin/../lib/gcc/arm-none-eabi/8.2.1/../../../../arm-none-eabi/lib/thumb/v6-m/nofp\libcr_c.a(_fflush.o)
 .comment       0x00000075       0x76 c:/nxp/mcuxpressoide_11.0.1_2563/ide/plugins/com.nxp.mcuxpresso.tools.win32_11.0.1.201907311258/tools/bin/../lib/gcc/arm-none-eabi/8.2.1/../../../../arm-none-eabi/lib/thumb/v6-m/nofp\libcr_c.a(_frexpl.o)
 .comment       0x00000075       0x76 c:/nxp/mcuxpressoide_11.0.1_2563/ide/plugins/com.nxp.mcuxpresso.tools.win32_11.0.1.201907311258/tools/bin/../lib/gcc/arm-none-eabi/8.2.1/../../../../arm-none-eabi/lib/thumb/v6-m/nofp\libcr_c.a(_ldexpl.o)
 .comment       0x00000075       0x76 c:/nxp/mcuxpressoide_11.0.1_2563/ide/plugins/com.nxp.mcuxpresso.tools.win32_11.0.1.201907311258/tools/bin/../lib/gcc/arm-none-eabi/8.2.1/../../../../arm-none-eabi/lib/thumb/v6-m/nofp\libcr_c.a(_writebuf.o)
 .comment       0x00000075       0x76 c:/nxp/mcuxpressoide_11.0.1_2563/ide/plugins/com.nxp.mcuxpresso.tools.win32_11.0.1.201907311258/tools/bin/../lib/gcc/arm-none-eabi/8.2.1/../../../../arm-none-eabi/lib/thumb/v6-m/nofp\libcr_c.a(alloc.o)
 .comment       0x00000075       0x76 c:/nxp/mcuxpressoide_11.0.1_2563/ide/plugins/com.nxp.mcuxpresso.tools.win32_11.0.1.201907311258/tools/bin/../lib/gcc/arm-none-eabi/8.2.1/../../../../arm-none-eabi/lib/thumb/v6-m/nofp\libcr_c.a(errno.o)
 .comment       0x00000075       0x76 c:/nxp/mcuxpressoide_11.0.1_2563/ide/plugins/com.nxp.mcuxpresso.tools.win32_11.0.1.201907311258/tools/bin/../lib/gcc/arm-none-eabi/8.2.1/../../../../arm-none-eabi/lib/thumb/v6-m/nofp\libcr_c.a(fseek.o)
 .comment       0x00000075       0x76 c:/nxp/mcuxpressoide_11.0.1_2563/ide/plugins/com.nxp.mcuxpresso.tools.win32_11.0.1.201907311258/tools/bin/../lib/gcc/arm-none-eabi/8.2.1/../../../../arm-none-eabi/lib/thumb/v6-m/nofp\libcr_c.a(ftell.o)
 .comment       0x00000075       0x76 c:/nxp/mcuxpressoide_11.0.1_2563/ide/plugins/com.nxp.mcuxpresso.tools.win32_11.0.1.201907311258/tools/bin/../lib/gcc/arm-none-eabi/8.2.1/../../../../arm-none-eabi/lib/thumb/v6-m/nofp\libcr_c.a(__init_alloc.o)
 .comment       0x00000075       0x76 c:/nxp/mcuxpressoide_11.0.1_2563/ide/plugins/com.nxp.mcuxpresso.tools.win32_11.0.1.201907311258/tools/bin/../lib/gcc/arm-none-eabi/8.2.1/../../../../arm-none-eabi/lib/thumb/v6-m/nofp\libcr_c.a(_cr_sbrk.o)
 .comment       0x00000075       0x76 c:/nxp/mcuxpressoide_11.0.1_2563/ide/plugins/com.nxp.mcuxpresso.tools.win32_11.0.1.201907311258/tools/bin/../lib/gcc/arm-none-eabi/8.2.1/../../../../arm-none-eabi/lib/thumb/v6-m/nofp\libcr_c.a(_cr_check_heap.o)
 .comment       0x00000075       0x76 c:/nxp/mcuxpressoide_11.0.1_2563/ide/plugins/com.nxp.mcuxpresso.tools.win32_11.0.1.201907311258/tools/bin/../lib/gcc/arm-none-eabi/8.2.1/thumb/v6-m/nofp\libcr_eabihelpers.a(double.o)
 .comment       0x00000075       0x76 c:/nxp/mcuxpressoide_11.0.1_2563/ide/plugins/com.nxp.mcuxpresso.tools.win32_11.0.1.201907311258/tools/bin/../lib/gcc/arm-none-eabi/8.2.1/../../../../arm-none-eabi/lib/thumb/v6-m/nofp\libcr_semihost_nf.a(__ciob.o)

.ARM.attributes
                0x00000000       0x2a
 .ARM.attributes
                0x00000000       0x2c ./debug/main.o
 .ARM.attributes
                0x0000002c       0x2c ./debug/startup_MKL25Z4.o
 .ARM.attributes
                0x00000058       0x2c ./debug/system_MKL25Z4.o
 .ARM.attributes
                0x00000084       0x2c ./debug/board.o
 .ARM.attributes
                0x000000b0       0x2c ./debug/clock_config.o
 .ARM.attributes
                0x000000dc       0x2c ./debug/peripherals.o
 .ARM.attributes
                0x00000108       0x2c ./debug/pin_mux.o
 .ARM.attributes
                0x00000134       0x2c ./debug/fsl_clock.o
 .ARM.attributes
                0x00000160       0x2c ./debug/fsl_common.o
 .ARM.attributes
                0x0000018c       0x2c ./debug/fsl_gpio.o
 .ARM.attributes
                0x000001b8       0x2c ./debug/fsl_lpsci.o
 .ARM.attributes
                0x000001e4       0x2c ./debug/fsl_uart.o
 .ARM.attributes
                0x00000210       0x2c ./debug/flash.o
 .ARM.attributes
                0x0000023c       0x2c ./debug/fsl_debug_console.o
 .ARM.attributes
                0x00000268       0x2c c:/nxp/mcuxpressoide_11.0.1_2563/ide/plugins/com.nxp.mcuxpresso.tools.win32_11.0.1.201907311258/tools/bin/../lib/gcc/arm-none-eabi/8.2.1/../../../../arm-none-eabi/lib/thumb/v6-m/nofp\libcr_c.a(memset.o)
 .ARM.attributes
                0x00000294       0x2c c:/nxp/mcuxpressoide_11.0.1_2563/ide/plugins/com.nxp.mcuxpresso.tools.win32_11.0.1.201907311258/tools/bin/../lib/gcc/arm-none-eabi/8.2.1/../../../../arm-none-eabi/lib/thumb/v6-m/nofp\libcr_c.a(fpprintf.o)
 .ARM.attributes
                0x000002c0       0x2c c:/nxp/mcuxpressoide_11.0.1_2563/ide/plugins/com.nxp.mcuxpresso.tools.win32_11.0.1.201907311258/tools/bin/../lib/gcc/arm-none-eabi/8.2.1/../../../../arm-none-eabi/lib/thumb/v6-m/nofp\libcr_c.a(printf.o)
 .ARM.attributes
                0x000002ec       0x2c c:/nxp/mcuxpressoide_11.0.1_2563/ide/plugins/com.nxp.mcuxpresso.tools.win32_11.0.1.201907311258/tools/bin/../lib/gcc/arm-none-eabi/8.2.1/../../../../arm-none-eabi/lib/thumb/v6-m/nofp\libcr_c.a(strlen.o)
 .ARM.attributes
                0x00000318       0x2c c:/nxp/mcuxpressoide_11.0.1_2563/ide/plugins/com.nxp.mcuxpresso.tools.win32_11.0.1.201907311258/tools/bin/../lib/gcc/arm-none-eabi/8.2.1/../../../../arm-none-eabi/lib/thumb/v6-m/nofp\libcr_c.a(_deferredlazyseek.o)
 .ARM.attributes
                0x00000344       0x2c c:/nxp/mcuxpressoide_11.0.1_2563/ide/plugins/com.nxp.mcuxpresso.tools.win32_11.0.1.201907311258/tools/bin/../lib/gcc/arm-none-eabi/8.2.1/../../../../arm-none-eabi/lib/thumb/v6-m/nofp\libcr_c.a(_fflush.o)
 .ARM.attributes
                0x00000370       0x2c c:/nxp/mcuxpressoide_11.0.1_2563/ide/plugins/com.nxp.mcuxpresso.tools.win32_11.0.1.201907311258/tools/bin/../lib/gcc/arm-none-eabi/8.2.1/../../../../arm-none-eabi/lib/thumb/v6-m/nofp\libcr_c.a(_frexpl.o)
 .ARM.attributes
                0x0000039c       0x2c c:/nxp/mcuxpressoide_11.0.1_2563/ide/plugins/com.nxp.mcuxpresso.tools.win32_11.0.1.201907311258/tools/bin/../lib/gcc/arm-none-eabi/8.2.1/../../../../arm-none-eabi/lib/thumb/v6-m/nofp\libcr_c.a(_ldexpl.o)
 .ARM.attributes
                0x000003c8       0x2c c:/nxp/mcuxpressoide_11.0.1_2563/ide/plugins/com.nxp.mcuxpresso.tools.win32_11.0.1.201907311258/tools/bin/../lib/gcc/arm-none-eabi/8.2.1/../../../../arm-none-eabi/lib/thumb/v6-m/nofp\libcr_c.a(_writebuf.o)
 .ARM.attributes
                0x000003f4       0x2c c:/nxp/mcuxpressoide_11.0.1_2563/ide/plugins/com.nxp.mcuxpresso.tools.win32_11.0.1.201907311258/tools/bin/../lib/gcc/arm-none-eabi/8.2.1/../../../../arm-none-eabi/lib/thumb/v6-m/nofp\libcr_c.a(alloc.o)
 .ARM.attributes
                0x00000420       0x31 c:/nxp/mcuxpressoide_11.0.1_2563/ide/plugins/com.nxp.mcuxpresso.tools.win32_11.0.1.201907311258/tools/bin/../lib/gcc/arm-none-eabi/8.2.1/../../../../arm-none-eabi/lib/thumb/v6-m/nofp\libcr_c.a(errno.o)
 .ARM.attributes
                0x00000451       0x2c c:/nxp/mcuxpressoide_11.0.1_2563/ide/plugins/com.nxp.mcuxpresso.tools.win32_11.0.1.201907311258/tools/bin/../lib/gcc/arm-none-eabi/8.2.1/../../../../arm-none-eabi/lib/thumb/v6-m/nofp\libcr_c.a(fseek.o)
 .ARM.attributes
                0x0000047d       0x2c c:/nxp/mcuxpressoide_11.0.1_2563/ide/plugins/com.nxp.mcuxpresso.tools.win32_11.0.1.201907311258/tools/bin/../lib/gcc/arm-none-eabi/8.2.1/../../../../arm-none-eabi/lib/thumb/v6-m/nofp\libcr_c.a(ftell.o)
 .ARM.attributes
                0x000004a9       0x2c c:/nxp/mcuxpressoide_11.0.1_2563/ide/plugins/com.nxp.mcuxpresso.tools.win32_11.0.1.201907311258/tools/bin/../lib/gcc/arm-none-eabi/8.2.1/../../../../arm-none-eabi/lib/thumb/v6-m/nofp\libcr_c.a(__init_alloc.o)
 .ARM.attributes
                0x000004d5       0x2c c:/nxp/mcuxpressoide_11.0.1_2563/ide/plugins/com.nxp.mcuxpresso.tools.win32_11.0.1.201907311258/tools/bin/../lib/gcc/arm-none-eabi/8.2.1/../../../../arm-none-eabi/lib/thumb/v6-m/nofp\libcr_c.a(_cr_sbrk.o)
 .ARM.attributes
                0x00000501       0x2c c:/nxp/mcuxpressoide_11.0.1_2563/ide/plugins/com.nxp.mcuxpresso.tools.win32_11.0.1.201907311258/tools/bin/../lib/gcc/arm-none-eabi/8.2.1/../../../../arm-none-eabi/lib/thumb/v6-m/nofp\libcr_c.a(_cr_check_heap.o)
 .ARM.attributes
                0x0000052d       0x1c c:/nxp/mcuxpressoide_11.0.1_2563/ide/plugins/com.nxp.mcuxpresso.tools.win32_11.0.1.201907311258/tools/bin/../lib/gcc/arm-none-eabi/8.2.1/thumb/v6-m/nofp\libcr_eabihelpers.a(division_32.o)
 .ARM.attributes
                0x00000549       0x1c c:/nxp/mcuxpressoide_11.0.1_2563/ide/plugins/com.nxp.mcuxpresso.tools.win32_11.0.1.201907311258/tools/bin/../lib/gcc/arm-none-eabi/8.2.1/thumb/v6-m/nofp\libcr_eabihelpers.a(division_idiv0.o)
 .ARM.attributes
                0x00000565       0x2c c:/nxp/mcuxpressoide_11.0.1_2563/ide/plugins/com.nxp.mcuxpresso.tools.win32_11.0.1.201907311258/tools/bin/../lib/gcc/arm-none-eabi/8.2.1/thumb/v6-m/nofp\libcr_eabihelpers.a(double.o)
 .ARM.attributes
                0x00000591       0x1c c:/nxp/mcuxpressoide_11.0.1_2563/ide/plugins/com.nxp.mcuxpresso.tools.win32_11.0.1.201907311258/tools/bin/../lib/gcc/arm-none-eabi/8.2.1/thumb/v6-m/nofp\libcr_eabihelpers.a(llong.o)
 .ARM.attributes
                0x000005ad       0x1c c:/nxp/mcuxpressoide_11.0.1_2563/ide/plugins/com.nxp.mcuxpresso.tools.win32_11.0.1.201907311258/tools/bin/../lib/gcc/arm-none-eabi/8.2.1/thumb/v6-m/nofp\libcr_eabihelpers.a(memcpy.o)
 .ARM.attributes
                0x000005c9       0x31 c:/nxp/mcuxpressoide_11.0.1_2563/ide/plugins/com.nxp.mcuxpresso.tools.win32_11.0.1.201907311258/tools/bin/../lib/gcc/arm-none-eabi/8.2.1/../../../../arm-none-eabi/lib/thumb/v6-m/nofp\libcr_semihost_nf.a(__ciob.o)
 .ARM.attributes
                0x000005fa       0x1c c:/nxp/mcuxpressoide_11.0.1_2563/ide/plugins/com.nxp.mcuxpresso.tools.win32_11.0.1.201907311258/tools/bin/../lib/gcc/arm-none-eabi/8.2.1/../../../../arm-none-eabi/lib/thumb/v6-m/nofp\libcr_semihost_nf.a(__sys_appexit.o)
 .ARM.attributes
                0x00000616       0x1c c:/nxp/mcuxpressoide_11.0.1_2563/ide/plugins/com.nxp.mcuxpresso.tools.win32_11.0.1.201907311258/tools/bin/../lib/gcc/arm-none-eabi/8.2.1/../../../../arm-none-eabi/lib/thumb/v6-m/nofp\libcr_semihost_nf.a(__sys_flen.o)
 .ARM.attributes
                0x00000632       0x1c c:/nxp/mcuxpressoide_11.0.1_2563/ide/plugins/com.nxp.mcuxpresso.tools.win32_11.0.1.201907311258/tools/bin/../lib/gcc/arm-none-eabi/8.2.1/../../../../arm-none-eabi/lib/thumb/v6-m/nofp\libcr_semihost_nf.a(__sys_istty.o)
 .ARM.attributes
                0x0000064e       0x1c c:/nxp/mcuxpressoide_11.0.1_2563/ide/plugins/com.nxp.mcuxpresso.tools.win32_11.0.1.201907311258/tools/bin/../lib/gcc/arm-none-eabi/8.2.1/../../../../arm-none-eabi/lib/thumb/v6-m/nofp\libcr_semihost_nf.a(__sys_seek.o)
 .ARM.attributes
                0x0000066a       0x1c c:/nxp/mcuxpressoide_11.0.1_2563/ide/plugins/com.nxp.mcuxpresso.tools.win32_11.0.1.201907311258/tools/bin/../lib/gcc/arm-none-eabi/8.2.1/../../../../arm-none-eabi/lib/thumb/v6-m/nofp\libcr_semihost_nf.a(__sys_write.o)

.debug_frame    0x00000000     0x1ac0
 .debug_frame   0x00000000       0x50 ./debug/main.o
 .debug_frame   0x00000050      0x498 ./debug/startup_MKL25Z4.o
 .debug_frame   0x000004e8       0x4c ./debug/system_MKL25Z4.o
 .debug_frame   0x00000534       0x50 ./debug/board.o
 .debug_frame   0x00000584      0x100 ./debug/clock_config.o
 .debug_frame   0x00000684       0x2c ./debug/peripherals.o
 .debug_frame   0x000006b0       0xac ./debug/pin_mux.o
 .debug_frame   0x0000075c      0x6e4 ./debug/fsl_clock.o
 .debug_frame   0x00000e40       0x90 ./debug/fsl_common.o
 .debug_frame   0x00000ed0       0xb0 ./debug/fsl_gpio.o
 .debug_frame   0x00000f80      0x418 ./debug/fsl_lpsci.o
 .debug_frame   0x00001398      0x468 ./debug/fsl_uart.o
 .debug_frame   0x00001800       0x90 ./debug/flash.o
 .debug_frame   0x00001890      0x230 ./debug/fsl_debug_console.o
