Archive member included to satisfy reference by file (symbol)

c:/nxp/mcuxpressoide_11.0.1_2563/ide/plugins/com.nxp.mcuxpresso.tools.win32_11.0.1.201907311258/tools/bin/../lib/gcc/arm-none-eabi/8.2.1/../../../../arm-none-eabi/lib/thumb/v6-m/nofp\libcr_c.a(memcpy.o)
                              ./debug/fsl_flash.o (memcpy)
c:/nxp/mcuxpressoide_11.0.1_2563/ide/plugins/com.nxp.mcuxpresso.tools.win32_11.0.1.201907311258/tools/bin/../lib/gcc/arm-none-eabi/8.2.1/../../../../arm-none-eabi/lib/thumb/v6-m/nofp\libcr_c.a(memset.o)
                              ./debug/fsl_flash.o (memset)
c:/nxp/mcuxpressoide_11.0.1_2563/ide/plugins/com.nxp.mcuxpresso.tools.win32_11.0.1.201907311258/tools/bin/../lib/gcc/arm-none-eabi/8.2.1/../../../../arm-none-eabi/lib/thumb/v6-m/nofp\libcr_c.a(strlen.o)
                              ./debug/fsl_debug_console.o (strlen)
c:/nxp/mcuxpressoide_11.0.1_2563/ide/plugins/com.nxp.mcuxpresso.tools.win32_11.0.1.201907311258/tools/bin/../lib/gcc/arm-none-eabi/8.2.1/thumb/v6-m/nofp\libcr_eabihelpers.a(division_32.o)
                              ./debug/fsl_debug_console.o (__aeabi_idiv)
c:/nxp/mcuxpressoide_11.0.1_2563/ide/plugins/com.nxp.mcuxpresso.tools.win32_11.0.1.201907311258/tools/bin/../lib/gcc/arm-none-eabi/8.2.1/thumb/v6-m/nofp\libcr_eabihelpers.a(division_idiv0.o)
                              c:/nxp/mcuxpressoide_11.0.1_2563/ide/plugins/com.nxp.mcuxpresso.tools.win32_11.0.1.201907311258/tools/bin/../lib/gcc/arm-none-eabi/8.2.1/thumb/v6-m/nofp\libcr_eabihelpers.a(division_32.o) (__aeabi_idiv0)
c:/nxp/mcuxpressoide_11.0.1_2563/ide/plugins/com.nxp.mcuxpresso.tools.win32_11.0.1.201907311258/tools/bin/../lib/gcc/arm-none-eabi/8.2.1/thumb/v6-m/nofp\libcr_eabihelpers.a(memcpy.o)
                              c:/nxp/mcuxpressoide_11.0.1_2563/ide/plugins/com.nxp.mcuxpresso.tools.win32_11.0.1.201907311258/tools/bin/../lib/gcc/arm-none-eabi/8.2.1/../../../../arm-none-eabi/lib/thumb/v6-m/nofp\libcr_c.a(memcpy.o) (__aeabi_memcpy)

Allocating common symbols
Common symbol       size              file

g_xtal32Freq        0x4               ./debug/fsl_clock.o
g_xtal0Freq         0x4               ./debug/fsl_clock.o

Discarded input sections

 .text          0x00000000        0x0 ./debug/main.o
 .data          0x00000000        0x0 ./debug/main.o
 .bss           0x00000000        0x0 ./debug/main.o
 .text          0x00000000        0x0 ./debug/startup_MKL25Z4.o
 .data          0x00000000        0x0 ./debug/startup_MKL25Z4.o
 .bss           0x00000000        0x0 ./debug/startup_MKL25Z4.o
 .text          0x00000000        0x0 ./debug/system_MKL25Z4.o
 .data          0x00000000        0x0 ./debug/system_MKL25Z4.o
 .bss           0x00000000        0x0 ./debug/system_MKL25Z4.o
 .text.SystemCoreClockUpdate
                0x00000000      0x238 ./debug/system_MKL25Z4.o
 .text          0x00000000        0x0 ./debug/board.o
 .data          0x00000000        0x0 ./debug/board.o
 .bss           0x00000000        0x0 ./debug/board.o
 .text          0x00000000        0x0 ./debug/clock_config.o
 .data          0x00000000        0x0 ./debug/clock_config.o
 .bss           0x00000000        0x0 ./debug/clock_config.o
 .text.SMC_SetPowerModeProtection
                0x00000000       0x1e ./debug/clock_config.o
 .text.SMC_GetPowerModeState
                0x00000000       0x16 ./debug/clock_config.o
 .rodata.mcgConfig_BOARD_BootClockVLPR
                0x00000000        0xa ./debug/clock_config.o
 .rodata.simConfig_BOARD_BootClockVLPR
                0x00000000        0x8 ./debug/clock_config.o
 .rodata.oscConfig_BOARD_BootClockVLPR
                0x00000000        0x8 ./debug/clock_config.o
 .text.BOARD_BootClockVLPR
                0x00000000       0x5c ./debug/clock_config.o
 .text          0x00000000        0x0 ./debug/peripherals.o
 .data          0x00000000        0x0 ./debug/peripherals.o
 .bss           0x00000000        0x0 ./debug/peripherals.o
 .text          0x00000000        0x0 ./debug/pin_mux.o
 .data          0x00000000        0x0 ./debug/pin_mux.o
 .bss           0x00000000        0x0 ./debug/pin_mux.o
 .text          0x00000000        0x0 ./debug/fsl_clock.o
 .data          0x00000000        0x0 ./debug/fsl_clock.o
 .bss           0x00000000        0x0 ./debug/fsl_clock.o
 .text.CLOCK_EnableClock
                0x00000000       0x34 ./debug/fsl_clock.o
 .text.CLOCK_DisableClock
                0x00000000       0x38 ./debug/fsl_clock.o
 .data.s_fastIrcFreq
                0x00000000        0x4 ./debug/fsl_clock.o
 .text.CLOCK_FllStableDelay
                0x00000000       0x24 ./debug/fsl_clock.o
 .text.CLOCK_GetInternalRefClkSelectFreq
                0x00000000       0x40 ./debug/fsl_clock.o
 .text.CLOCK_GetOsc0ErClkFreq
                0x00000000       0x4c ./debug/fsl_clock.o
 .text.CLOCK_GetEr32kClkFreq
                0x00000000       0x84 ./debug/fsl_clock.o
 .text.CLOCK_GetPlatClkFreq
                0x00000000       0x2c ./debug/fsl_clock.o
 .text.CLOCK_GetFlashClkFreq
                0x00000000       0x50 ./debug/fsl_clock.o
 .text.CLOCK_GetBusClkFreq
                0x00000000       0x50 ./debug/fsl_clock.o
 .text.CLOCK_GetCoreSysClkFreq
                0x00000000       0x2c ./debug/fsl_clock.o
 .text.CLOCK_GetFreq
                0x00000000       0xe0 ./debug/fsl_clock.o
 .rodata.CLOCK_GetFreq
                0x00000000       0x38 ./debug/fsl_clock.o
 .text.CLOCK_EnableUsbfs0Clock
                0x00000000       0x84 ./debug/fsl_clock.o
 .text.CLOCK_GetOutClkFreq
                0x00000000       0x68 ./debug/fsl_clock.o
 .text.CLOCK_GetInternalRefClkFreq
                0x00000000       0x28 ./debug/fsl_clock.o
 .text.CLOCK_GetFixedFreqClkFreq
                0x00000000       0x30 ./debug/fsl_clock.o
 .text.CLOCK_CalcPllDiv
                0x00000000      0x1c0 ./debug/fsl_clock.o
 .text.CLOCK_SetOsc0MonitorMode
                0x00000000       0x80 ./debug/fsl_clock.o
 .text.CLOCK_SetPll0MonitorMode
                0x00000000       0x84 ./debug/fsl_clock.o
 .text.CLOCK_GetStatusFlags
                0x00000000       0x6c ./debug/fsl_clock.o
 .text.CLOCK_ClearStatusFlags
                0x00000000       0x3c ./debug/fsl_clock.o
 .text.CLOCK_DeinitOsc0
                0x00000000       0x28 ./debug/fsl_clock.o
 .text.CLOCK_TrimInternalRefClk
                0x00000000      0x168 ./debug/fsl_clock.o
 .text.CLOCK_GetMode
                0x00000000       0xdc ./debug/fsl_clock.o
 .text.CLOCK_SetFeiMode
                0x00000000       0xdc ./debug/fsl_clock.o
 .text.CLOCK_SetFeeMode
                0x00000000      0x12c ./debug/fsl_clock.o
 .text.CLOCK_SetFbiMode
                0x00000000       0xf0 ./debug/fsl_clock.o
 .text.CLOCK_SetFbeMode
                0x00000000      0x14c ./debug/fsl_clock.o
 .text.CLOCK_SetBlpiMode
                0x00000000       0x20 ./debug/fsl_clock.o
 .text.CLOCK_SetBlpeMode
                0x00000000       0x20 ./debug/fsl_clock.o
 .text.CLOCK_SetPeeMode
                0x00000000       0x34 ./debug/fsl_clock.o
 .text.CLOCK_ExternalModeToFbeModeQuick
                0x00000000       0x6c ./debug/fsl_clock.o
 .text.CLOCK_InternalModeToFbiModeQuick
                0x00000000       0x48 ./debug/fsl_clock.o
 .text.CLOCK_BootToFeiMode
                0x00000000       0x2e ./debug/fsl_clock.o
 .text.CLOCK_BootToFeeMode
                0x00000000       0x4e ./debug/fsl_clock.o
 .text.CLOCK_BootToBlpiMode
                0x00000000       0x78 ./debug/fsl_clock.o
 .text.CLOCK_BootToBlpeMode
                0x00000000       0x7c ./debug/fsl_clock.o
 .rodata.mcgModeMatrix
                0x00000000       0x40 ./debug/fsl_clock.o
 .text.CLOCK_SetMcgConfig
                0x00000000      0x1bc ./debug/fsl_clock.o
 .rodata.CLOCK_SetMcgConfig
                0x00000000       0x20 ./debug/fsl_clock.o
 .rodata.__func__.5359
                0x00000000       0x17 ./debug/fsl_clock.o
 .rodata.__func__.5367
                0x00000000       0x16 ./debug/fsl_clock.o
 .rodata.trimRange.5526
                0x00000000       0x10 ./debug/fsl_clock.o
 .text          0x00000000        0x0 ./debug/fsl_common.o
 .data          0x00000000        0x0 ./debug/fsl_common.o
 .bss           0x00000000        0x0 ./debug/fsl_common.o
 .text.DisableGlobalIRQ
                0x00000000       0x1c ./debug/fsl_common.o
 .text.EnableGlobalIRQ
                0x00000000       0x1a ./debug/fsl_common.o
 .text.InstallIRQHandler
                0x00000000       0x98 ./debug/fsl_common.o
 .text          0x00000000        0x0 ./debug/fsl_flash.o
 .data          0x00000000        0x0 ./debug/fsl_flash.o
 .bss           0x00000000        0x0 ./debug/fsl_flash.o
 .rodata.kFCCOBx
                0x00000000        0x4 ./debug/fsl_flash.o
 .rodata.kFPROTL
                0x00000000        0x4 ./debug/fsl_flash.o
 .bss.callFlashRunCommand
                0x00000000        0x4 ./debug/fsl_flash.o
 .bss.callFlashCommonBitOperation
                0x00000000        0x4 ./debug/fsl_flash.o
 .rodata.s_flashRunCommandFunctionCode
                0x00000000        0xc ./debug/fsl_flash.o
 .rodata.s_flashCommonBitOperationFunctionCode
                0x00000000       0x1c ./debug/fsl_flash.o
 .bss.s_flashRunCommand
                0x00000000       0x40 ./debug/fsl_flash.o
 .bss.s_flashCommonBitOperation
                0x00000000       0x40 ./debug/fsl_flash.o
 .bss.s_flashExecuteInRamFunctionInfo
                0x00000000        0xc ./debug/fsl_flash.o
 .rodata.kPFlashDensities
                0x00000000       0x1e ./debug/fsl_flash.o
 .text.FLASH_Init
                0x00000000       0xcc ./debug/fsl_flash.o
 .text.FLASH_SetCallback
                0x00000000       0x24 ./debug/fsl_flash.o
 .text.FLASH_PrepareExecuteInRamFunctions
                0x00000000       0x3c ./debug/fsl_flash.o
 .text.FLASH_EraseAll
                0x00000000       0x60 ./debug/fsl_flash.o
 .text.FLASH_Erase
                0x00000000       0xf4 ./debug/fsl_flash.o
 .text.FLASH_EraseAllExecuteOnlySegments
                0x00000000       0x60 ./debug/fsl_flash.o
 .text.FLASH_Program
                0x00000000      0x100 ./debug/fsl_flash.o
 .text.FLASH_ProgramOnce
                0x00000000       0x8c ./debug/fsl_flash.o
 .text.FLASH_ReadResource
                0x00000000      0x110 ./debug/fsl_flash.o
 .text.FLASH_ReadOnce
                0x00000000       0x80 ./debug/fsl_flash.o
 .text.FLASH_GetSecurityState
                0x00000000       0x64 ./debug/fsl_flash.o
 .text.FLASH_SecurityBypass
                0x00000000       0xb4 ./debug/fsl_flash.o
 .text.FLASH_VerifyEraseAll
                0x00000000       0x40 ./debug/fsl_flash.o
 .text.FLASH_VerifyErase
                0x00000000      0x10c ./debug/fsl_flash.o
 .text.FLASH_VerifyProgram
                0x00000000       0xec ./debug/fsl_flash.o
 .text.FLASH_VerifyEraseAllExecuteOnlySegments
                0x00000000       0x40 ./debug/fsl_flash.o
 .text.FLASH_IsProtected
                0x00000000      0x288 ./debug/fsl_flash.o
 .text.FLASH_IsExecuteOnly
                0x00000000       0x42 ./debug/fsl_flash.o
 .text.FLASH_GetProperty
                0x00000000       0xac ./debug/fsl_flash.o
 .rodata.FLASH_GetProperty
                0x00000000       0x28 ./debug/fsl_flash.o
 .text.FLASH_SetProperty
                0x00000000       0x62 ./debug/fsl_flash.o
 .text.FLASH_PflashSetProtection
                0x00000000       0x3c ./debug/fsl_flash.o
 .text.FLASH_PflashGetProtection
                0x00000000       0x30 ./debug/fsl_flash.o
 .text.FLASH_PflashSetPrefetchSpeculation
                0x00000000       0x78 ./debug/fsl_flash.o
 .text.FLASH_PflashGetPrefetchSpeculation
                0x00000000       0x5c ./debug/fsl_flash.o
 .text.copy_flash_run_command
                0x00000000       0x30 ./debug/fsl_flash.o
 .text.flash_command_sequence
                0x00000000       0x78 ./debug/fsl_flash.o
 .text.copy_flash_common_bit_operation
                0x00000000       0x3c ./debug/fsl_flash.o
 .text.mcm_flash_cache_clear
                0x00000000       0x2c ./debug/fsl_flash.o
 .text.flash_cache_clear
                0x00000000       0x1a ./debug/fsl_flash.o
 .text.flash_cache_clear_process
                0x00000000       0x3a ./debug/fsl_flash.o
 .text.flash_check_execute_in_ram_function_info
                0x00000000       0x36 ./debug/fsl_flash.o
 .text.flash_check_range
                0x00000000       0x5c ./debug/fsl_flash.o
 .text.flash_get_matched_operation_info
                0x00000000       0x76 ./debug/fsl_flash.o
 .text.flash_check_user_key
                0x00000000       0x24 ./debug/fsl_flash.o
 .text.flash_check_resource_range
                0x00000000       0x90 ./debug/fsl_flash.o
 .text.flash_get_protection_info
                0x00000000       0x68 ./debug/fsl_flash.o
 .debug_info    0x00000000     0x239a ./debug/fsl_flash.o
 .debug_abbrev  0x00000000      0x35b ./debug/fsl_flash.o
 .debug_aranges
                0x00000000      0x138 ./debug/fsl_flash.o
 .debug_ranges  0x00000000      0x128 ./debug/fsl_flash.o
 .debug_line    0x00000000      0xd7c ./debug/fsl_flash.o
 .debug_str     0x00000000     0x2232 ./debug/fsl_flash.o
 .comment       0x00000000       0x76 ./debug/fsl_flash.o
 .debug_frame   0x00000000      0x490 ./debug/fsl_flash.o
 .ARM.attributes
                0x00000000       0x2c ./debug/fsl_flash.o
 .text          0x00000000        0x0 ./debug/fsl_gpio.o
 .data          0x00000000        0x0 ./debug/fsl_gpio.o
 .bss           0x00000000        0x0 ./debug/fsl_gpio.o
 .rodata.s_portBases
                0x00000000       0x14 ./debug/fsl_gpio.o
 .rodata.s_gpioBases
                0x00000000       0x14 ./debug/fsl_gpio.o
 .text.GPIO_GetInstance
                0x00000000       0x58 ./debug/fsl_gpio.o
 .text.GPIO_GetPinsInterruptFlags
                0x00000000       0x38 ./debug/fsl_gpio.o
 .text.GPIO_ClearPinsInterruptFlags
                0x00000000       0x3c ./debug/fsl_gpio.o
 .rodata.__func__.5341
                0x00000000       0x11 ./debug/fsl_gpio.o
 .text          0x00000000        0x0 ./debug/fsl_lpsci.o
 .data          0x00000000        0x0 ./debug/fsl_lpsci.o
 .bss           0x00000000        0x0 ./debug/fsl_lpsci.o
 .text.NVIC_EnableIRQ
                0x00000000       0x2c ./debug/fsl_lpsci.o
 .text.CLOCK_DisableClock
                0x00000000       0x38 ./debug/fsl_lpsci.o
 .text.EnableIRQ
                0x00000000       0x2c ./debug/fsl_lpsci.o
 .rodata.s_lpsciBases
                0x00000000        0x4 ./debug/fsl_lpsci.o
 .rodata.s_lpsciIRQ
                0x00000000        0x1 ./debug/fsl_lpsci.o
 .rodata.s_lpsciClock
                0x00000000        0x4 ./debug/fsl_lpsci.o
 .text.LPSCI_TransferGetRxRingBufferLength
                0x00000000       0x6c ./debug/fsl_lpsci.o
 .text.LPSCI_TransferIsRxRingBufferFull
                0x00000000       0x5c ./debug/fsl_lpsci.o
 .text.LPSCI_ReadNonBlocking
                0x00000000       0x54 ./debug/fsl_lpsci.o
 .text.LPSCI_WriteNonBlocking
                0x00000000       0x54 ./debug/fsl_lpsci.o
 .text.LPSCI_Deinit
                0x00000000       0x34 ./debug/fsl_lpsci.o
 .text.LPSCI_SetBaudRate
                0x00000000      0x1b8 ./debug/fsl_lpsci.o
 .text.LPSCI_EnableInterrupts
                0x00000000       0x58 ./debug/fsl_lpsci.o
 .text.LPSCI_DisableInterrupts
                0x00000000       0x64 ./debug/fsl_lpsci.o
 .text.LPSCI_GetEnabledInterrupts
                0x00000000       0x38 ./debug/fsl_lpsci.o
 .text.LPSCI_TransferCreateHandle
                0x00000000       0x90 ./debug/fsl_lpsci.o
 .text.LPSCI_TransferStartRingBuffer
                0x00000000       0x98 ./debug/fsl_lpsci.o
 .text.LPSCI_TransferStopRingBuffer
                0x00000000       0x84 ./debug/fsl_lpsci.o
 .text.LPSCI_TransferSendNonBlocking
                0x00000000       0xd0 ./debug/fsl_lpsci.o
 .text.LPSCI_TransferAbortSend
                0x00000000       0x50 ./debug/fsl_lpsci.o
 .text.LPSCI_TransferGetSendCount
                0x00000000       0x70 ./debug/fsl_lpsci.o
 .text.LPSCI_TransferReceiveNonBlocking
                0x00000000      0x1f8 ./debug/fsl_lpsci.o
 .text.LPSCI_TransferAbortReceive
                0x00000000       0x78 ./debug/fsl_lpsci.o
 .text.LPSCI_TransferGetReceiveCount
                0x00000000       0x70 ./debug/fsl_lpsci.o
 .text.LPSCI_TransferHandleIRQ
                0x00000000      0x394 ./debug/fsl_lpsci.o
 .text.LPSCI_TransferHandleErrorIRQ
                0x00000000       0x12 ./debug/fsl_lpsci.o
 .rodata.__func__.5511
                0x00000000       0x24 ./debug/fsl_lpsci.o
 .rodata.__func__.5516
                0x00000000       0x21 ./debug/fsl_lpsci.o
 .rodata.__func__.5523
                0x00000000       0x16 ./debug/fsl_lpsci.o
 .rodata.__func__.5533
                0x00000000       0x17 ./debug/fsl_lpsci.o
 .rodata.__func__.5570
                0x00000000       0x12 ./debug/fsl_lpsci.o
 .rodata.__func__.5635
                0x00000000       0x1b ./debug/fsl_lpsci.o
 .rodata.__func__.5643
                0x00000000       0x1e ./debug/fsl_lpsci.o
 .rodata.__func__.5648
                0x00000000       0x1d ./debug/fsl_lpsci.o
 .rodata.__func__.5654
                0x00000000       0x1e ./debug/fsl_lpsci.o
 .rodata.__func__.5660
                0x00000000       0x18 ./debug/fsl_lpsci.o
 .rodata.__func__.5666
                0x00000000       0x1b ./debug/fsl_lpsci.o
 .rodata.__func__.5673
                0x00000000       0x21 ./debug/fsl_lpsci.o
 .rodata.__func__.5686
                0x00000000       0x1b ./debug/fsl_lpsci.o
 .rodata.__func__.5692
                0x00000000       0x1e ./debug/fsl_lpsci.o
 .rodata.__func__.5697
                0x00000000       0x18 ./debug/fsl_lpsci.o
 .text          0x00000000        0x0 ./debug/fsl_smc.o
 .data          0x00000000        0x0 ./debug/fsl_smc.o
 .bss           0x00000000        0x0 ./debug/fsl_smc.o
 .rodata        0x00000000        0x2 ./debug/fsl_smc.o
 .text.SMC_PreEnterStopModes
                0x00000000       0x28 ./debug/fsl_smc.o
 .text.SMC_PostExitStopModes
                0x00000000       0x28 ./debug/fsl_smc.o
 .text.SMC_SetPowerModeRun
                0x00000000       0x38 ./debug/fsl_smc.o
 .text.SMC_SetPowerModeWait
                0x00000000       0x2c ./debug/fsl_smc.o
 .text.SMC_SetPowerModeStop
                0x00000000       0xa0 ./debug/fsl_smc.o
 .text.SMC_SetPowerModeVlpr
                0x00000000       0x3c ./debug/fsl_smc.o
 .text.SMC_SetPowerModeVlpw
                0x00000000       0x2c ./debug/fsl_smc.o
 .text.SMC_SetPowerModeVlps
                0x00000000       0x70 ./debug/fsl_smc.o
 .text.SMC_SetPowerModeLls
                0x00000000       0x70 ./debug/fsl_smc.o
 .text.SMC_SetPowerModeVlls
                0x00000000       0xd0 ./debug/fsl_smc.o
 .debug_info    0x00000000      0xffd ./debug/fsl_smc.o
 .debug_abbrev  0x00000000      0x2fa ./debug/fsl_smc.o
 .debug_aranges
                0x00000000       0x68 ./debug/fsl_smc.o
 .debug_ranges  0x00000000       0x58 ./debug/fsl_smc.o
 .debug_line    0x00000000      0x4c0 ./debug/fsl_smc.o
 .debug_str     0x00000000      0xaa7 ./debug/fsl_smc.o
 .comment       0x00000000       0x76 ./debug/fsl_smc.o
 .debug_frame   0x00000000      0x150 ./debug/fsl_smc.o
 .ARM.attributes
                0x00000000       0x2c ./debug/fsl_smc.o
 .text          0x00000000        0x0 ./debug/fsl_uart.o
 .data          0x00000000        0x0 ./debug/fsl_uart.o
 .bss           0x00000000        0x0 ./debug/fsl_uart.o
 .text.NVIC_EnableIRQ
                0x00000000       0x2c ./debug/fsl_uart.o
 .text.CLOCK_DisableClock
                0x00000000       0x38 ./debug/fsl_uart.o
 .text.EnableIRQ
                0x00000000       0x2c ./debug/fsl_uart.o
 .rodata.s_uartIRQ
                0x00000000        0x3 ./debug/fsl_uart.o
 .text.UART_TransferGetRxRingBufferLength
                0x00000000       0x6c ./debug/fsl_uart.o
 .text.UART_TransferIsRxRingBufferFull
                0x00000000       0x5c ./debug/fsl_uart.o
 .text.UART_Deinit
                0x00000000       0x40 ./debug/fsl_uart.o
 .text.UART_SetBaudRate
                0x00000000      0x130 ./debug/fsl_uart.o
 .text.UART_EnableInterrupts
                0x00000000       0x58 ./debug/fsl_uart.o
 .text.UART_DisableInterrupts
                0x00000000       0x64 ./debug/fsl_uart.o
 .text.UART_GetEnabledInterrupts
                0x00000000       0x38 ./debug/fsl_uart.o
 .text.UART_ClearStatusFlags
                0x00000000       0x7c ./debug/fsl_uart.o
 .text.UART_WriteNonBlocking
                0x00000000       0x58 ./debug/fsl_uart.o
 .text.UART_ReadNonBlocking
                0x00000000       0x58 ./debug/fsl_uart.o
 .text.UART_TransferCreateHandle
                0x00000000       0x9c ./debug/fsl_uart.o
 .text.UART_TransferStartRingBuffer
                0x00000000       0x98 ./debug/fsl_uart.o
 .text.UART_TransferStopRingBuffer
                0x00000000       0x84 ./debug/fsl_uart.o
 .text.UART_TransferSendNonBlocking
                0x00000000       0xd0 ./debug/fsl_uart.o
 .text.UART_TransferAbortSend
                0x00000000       0x50 ./debug/fsl_uart.o
 .text.UART_TransferGetSendCount
                0x00000000       0x70 ./debug/fsl_uart.o
 .text.UART_TransferReceiveNonBlocking
                0x00000000      0x1f8 ./debug/fsl_uart.o
 .text.UART_TransferAbortReceive
                0x00000000       0x78 ./debug/fsl_uart.o
 .text.UART_TransferGetReceiveCount
                0x00000000       0x7c ./debug/fsl_uart.o
 .text.UART_TransferHandleIRQ
                0x00000000      0x3a8 ./debug/fsl_uart.o
 .text.UART_TransferHandleErrorIRQ
                0x00000000       0x12 ./debug/fsl_uart.o
 .text.UART1_RX_TX_DriverIRQHandler
                0x00000000        0xe ./debug/fsl_uart.o
 .text.UART2_RX_TX_DriverIRQHandler
                0x00000000        0xe ./debug/fsl_uart.o
 .rodata.__func__.5514
                0x00000000       0x23 ./debug/fsl_uart.o
 .rodata.__func__.5519
                0x00000000       0x20 ./debug/fsl_uart.o
 .rodata.__func__.5545
                0x00000000       0x11 ./debug/fsl_uart.o
 .rodata.__func__.5587
                0x00000000       0x16 ./debug/fsl_uart.o
 .rodata.__func__.5610
                0x00000000       0x15 ./debug/fsl_uart.o
 .rodata.__func__.5621
                0x00000000       0x1a ./debug/fsl_uart.o
 .rodata.__func__.5629
                0x00000000       0x1d ./debug/fsl_uart.o
 .rodata.__func__.5634
                0x00000000       0x1c ./debug/fsl_uart.o
 .rodata.__func__.5640
                0x00000000       0x1d ./debug/fsl_uart.o
 .rodata.__func__.5646
                0x00000000       0x17 ./debug/fsl_uart.o
 .rodata.__func__.5652
                0x00000000       0x1a ./debug/fsl_uart.o
 .rodata.__func__.5659
                0x00000000       0x20 ./debug/fsl_uart.o
 .rodata.__func__.5672
                0x00000000       0x1a ./debug/fsl_uart.o
 .rodata.__func__.5678
                0x00000000       0x1d ./debug/fsl_uart.o
 .rodata.__func__.5683
                0x00000000       0x17 ./debug/fsl_uart.o
 .text          0x00000000        0x0 ./debug/flash.o
 .data          0x00000000        0x0 ./debug/flash.o
 .bss           0x00000000        0x0 ./debug/flash.o
 .rodata.DELAY_TIMES
                0x00000000       0x28 ./debug/flash.o
 .text          0x00000000        0x0 ./debug/fsl_debug_console.o
 .data          0x00000000        0x0 ./debug/fsl_debug_console.o
 .bss           0x00000000        0x0 ./debug/fsl_debug_console.o
 .text.DbgConsole_Deinit
                0x00000000       0x60 ./debug/fsl_debug_console.o
 .text.DbgConsole_Scanf
                0x00000000       0xbc ./debug/fsl_debug_console.o
 .text.DbgConsole_Getchar
                0x00000000       0x40 ./debug/fsl_debug_console.o
 .text.DbgConsole_ScanIgnoreWhiteSpace
                0x00000000       0x80 ./debug/fsl_debug_console.o
 .text.DbgConsole_ScanfFormattedData
                0x00000000      0x504 ./debug/fsl_debug_console.o
 .rodata.DbgConsole_ScanfFormattedData
                0x00000000      0x124 ./debug/fsl_debug_console.o
 .text._write   0x00000000       0x58 ./debug/fsl_debug_console.o
 .text._read    0x00000000       0x44 ./debug/fsl_debug_console.o
 .text          0x00000000        0x0 c:/nxp/mcuxpressoide_11.0.1_2563/ide/plugins/com.nxp.mcuxpresso.tools.win32_11.0.1.201907311258/tools/bin/../lib/gcc/arm-none-eabi/8.2.1/../../../../arm-none-eabi/lib/thumb/v6-m/nofp\libcr_c.a(memcpy.o)
 .data          0x00000000        0x0 c:/nxp/mcuxpressoide_11.0.1_2563/ide/plugins/com.nxp.mcuxpresso.tools.win32_11.0.1.201907311258/tools/bin/../lib/gcc/arm-none-eabi/8.2.1/../../../../arm-none-eabi/lib/thumb/v6-m/nofp\libcr_c.a(memcpy.o)
 .bss           0x00000000        0x0 c:/nxp/mcuxpressoide_11.0.1_2563/ide/plugins/com.nxp.mcuxpresso.tools.win32_11.0.1.201907311258/tools/bin/../lib/gcc/arm-none-eabi/8.2.1/../../../../arm-none-eabi/lib/thumb/v6-m/nofp\libcr_c.a(memcpy.o)
 .text.memcpy   0x00000000        0x8 c:/nxp/mcuxpressoide_11.0.1_2563/ide/plugins/com.nxp.mcuxpresso.tools.win32_11.0.1.201907311258/tools/bin/../lib/gcc/arm-none-eabi/8.2.1/../../../../arm-none-eabi/lib/thumb/v6-m/nofp\libcr_c.a(memcpy.o)
 .comment       0x00000000       0x76 c:/nxp/mcuxpressoide_11.0.1_2563/ide/plugins/com.nxp.mcuxpresso.tools.win32_11.0.1.201907311258/tools/bin/../lib/gcc/arm-none-eabi/8.2.1/../../../../arm-none-eabi/lib/thumb/v6-m/nofp\libcr_c.a(memcpy.o)
 .ARM.attributes
                0x00000000       0x2c c:/nxp/mcuxpressoide_11.0.1_2563/ide/plugins/com.nxp.mcuxpresso.tools.win32_11.0.1.201907311258/tools/bin/../lib/gcc/arm-none-eabi/8.2.1/../../../../arm-none-eabi/lib/thumb/v6-m/nofp\libcr_c.a(memcpy.o)
 .text          0x00000000        0x0 c:/nxp/mcuxpressoide_11.0.1_2563/ide/plugins/com.nxp.mcuxpresso.tools.win32_11.0.1.201907311258/tools/bin/../lib/gcc/arm-none-eabi/8.2.1/../../../../arm-none-eabi/lib/thumb/v6-m/nofp\libcr_c.a(memset.o)
 .data          0x00000000        0x0 c:/nxp/mcuxpressoide_11.0.1_2563/ide/plugins/com.nxp.mcuxpresso.tools.win32_11.0.1.201907311258/tools/bin/../lib/gcc/arm-none-eabi/8.2.1/../../../../arm-none-eabi/lib/thumb/v6-m/nofp\libcr_c.a(memset.o)
 .bss           0x00000000        0x0 c:/nxp/mcuxpressoide_11.0.1_2563/ide/plugins/com.nxp.mcuxpresso.tools.win32_11.0.1.201907311258/tools/bin/../lib/gcc/arm-none-eabi/8.2.1/../../../../arm-none-eabi/lib/thumb/v6-m/nofp\libcr_c.a(memset.o)
 .text.memset   0x00000000        0x8 c:/nxp/mcuxpressoide_11.0.1_2563/ide/plugins/com.nxp.mcuxpresso.tools.win32_11.0.1.201907311258/tools/bin/../lib/gcc/arm-none-eabi/8.2.1/../../../../arm-none-eabi/lib/thumb/v6-m/nofp\libcr_c.a(memset.o)
 .comment       0x00000000       0x76 c:/nxp/mcuxpressoide_11.0.1_2563/ide/plugins/com.nxp.mcuxpresso.tools.win32_11.0.1.201907311258/tools/bin/../lib/gcc/arm-none-eabi/8.2.1/../../../../arm-none-eabi/lib/thumb/v6-m/nofp\libcr_c.a(memset.o)
 .ARM.attributes
                0x00000000       0x2c c:/nxp/mcuxpressoide_11.0.1_2563/ide/plugins/com.nxp.mcuxpresso.tools.win32_11.0.1.201907311258/tools/bin/../lib/gcc/arm-none-eabi/8.2.1/../../../../arm-none-eabi/lib/thumb/v6-m/nofp\libcr_c.a(memset.o)
 .text          0x00000000        0x0 c:/nxp/mcuxpressoide_11.0.1_2563/ide/plugins/com.nxp.mcuxpresso.tools.win32_11.0.1.201907311258/tools/bin/../lib/gcc/arm-none-eabi/8.2.1/../../../../arm-none-eabi/lib/thumb/v6-m/nofp\libcr_c.a(strlen.o)
 .data          0x00000000        0x0 c:/nxp/mcuxpressoide_11.0.1_2563/ide/plugins/com.nxp.mcuxpresso.tools.win32_11.0.1.201907311258/tools/bin/../lib/gcc/arm-none-eabi/8.2.1/../../../../arm-none-eabi/lib/thumb/v6-m/nofp\libcr_c.a(strlen.o)
 .bss           0x00000000        0x0 c:/nxp/mcuxpressoide_11.0.1_2563/ide/plugins/com.nxp.mcuxpresso.tools.win32_11.0.1.201907311258/tools/bin/../lib/gcc/arm-none-eabi/8.2.1/../../../../arm-none-eabi/lib/thumb/v6-m/nofp\libcr_c.a(strlen.o)
 .text          0x00000000        0x0 c:/nxp/mcuxpressoide_11.0.1_2563/ide/plugins/com.nxp.mcuxpresso.tools.win32_11.0.1.201907311258/tools/bin/../lib/gcc/arm-none-eabi/8.2.1/thumb/v6-m/nofp\libcr_eabihelpers.a(division_32.o)
 .data          0x00000000        0x0 c:/nxp/mcuxpressoide_11.0.1_2563/ide/plugins/com.nxp.mcuxpresso.tools.win32_11.0.1.201907311258/tools/bin/../lib/gcc/arm-none-eabi/8.2.1/thumb/v6-m/nofp\libcr_eabihelpers.a(division_32.o)
 .bss           0x00000000        0x0 c:/nxp/mcuxpressoide_11.0.1_2563/ide/plugins/com.nxp.mcuxpresso.tools.win32_11.0.1.201907311258/tools/bin/../lib/gcc/arm-none-eabi/8.2.1/thumb/v6-m/nofp\libcr_eabihelpers.a(division_32.o)
 .text          0x00000000        0x0 c:/nxp/mcuxpressoide_11.0.1_2563/ide/plugins/com.nxp.mcuxpresso.tools.win32_11.0.1.201907311258/tools/bin/../lib/gcc/arm-none-eabi/8.2.1/thumb/v6-m/nofp\libcr_eabihelpers.a(division_idiv0.o)
 .data          0x00000000        0x0 c:/nxp/mcuxpressoide_11.0.1_2563/ide/plugins/com.nxp.mcuxpresso.tools.win32_11.0.1.201907311258/tools/bin/../lib/gcc/arm-none-eabi/8.2.1/thumb/v6-m/nofp\libcr_eabihelpers.a(division_idiv0.o)
 .bss           0x00000000        0x0 c:/nxp/mcuxpressoide_11.0.1_2563/ide/plugins/com.nxp.mcuxpresso.tools.win32_11.0.1.201907311258/tools/bin/../lib/gcc/arm-none-eabi/8.2.1/thumb/v6-m/nofp\libcr_eabihelpers.a(division_idiv0.o)
 .text          0x00000000        0x0 c:/nxp/mcuxpressoide_11.0.1_2563/ide/plugins/com.nxp.mcuxpresso.tools.win32_11.0.1.201907311258/tools/bin/../lib/gcc/arm-none-eabi/8.2.1/thumb/v6-m/nofp\libcr_eabihelpers.a(memcpy.o)
 .data          0x00000000        0x0 c:/nxp/mcuxpressoide_11.0.1_2563/ide/plugins/com.nxp.mcuxpresso.tools.win32_11.0.1.201907311258/tools/bin/../lib/gcc/arm-none-eabi/8.2.1/thumb/v6-m/nofp\libcr_eabihelpers.a(memcpy.o)
 .bss           0x00000000        0x0 c:/nxp/mcuxpressoide_11.0.1_2563/ide/plugins/com.nxp.mcuxpresso.tools.win32_11.0.1.201907311258/tools/bin/../lib/gcc/arm-none-eabi/8.2.1/thumb/v6-m/nofp\libcr_eabihelpers.a(memcpy.o)
 .text.__aeabi_memcpy
                0x00000000       0x2c c:/nxp/mcuxpressoide_11.0.1_2563/ide/plugins/com.nxp.mcuxpresso.tools.win32_11.0.1.201907311258/tools/bin/../lib/gcc/arm-none-eabi/8.2.1/thumb/v6-m/nofp\libcr_eabihelpers.a(memcpy.o)
 .text.__aeabi_memmove
                0x00000000       0x1c c:/nxp/mcuxpressoide_11.0.1_2563/ide/plugins/com.nxp.mcuxpresso.tools.win32_11.0.1.201907311258/tools/bin/../lib/gcc/arm-none-eabi/8.2.1/thumb/v6-m/nofp\libcr_eabihelpers.a(memcpy.o)
 .text.__aeabi_memset_lowlevel
                0x00000000       0x2a c:/nxp/mcuxpressoide_11.0.1_2563/ide/plugins/com.nxp.mcuxpresso.tools.win32_11.0.1.201907311258/tools/bin/../lib/gcc/arm-none-eabi/8.2.1/thumb/v6-m/nofp\libcr_eabihelpers.a(memcpy.o)
 .text.__aeabi_memclr
                0x00000000        0x6 c:/nxp/mcuxpressoide_11.0.1_2563/ide/plugins/com.nxp.mcuxpresso.tools.win32_11.0.1.201907311258/tools/bin/../lib/gcc/arm-none-eabi/8.2.1/thumb/v6-m/nofp\libcr_eabihelpers.a(memcpy.o)
 .text.__aeabi_memset
                0x00000000        0x8 c:/nxp/mcuxpressoide_11.0.1_2563/ide/plugins/com.nxp.mcuxpresso.tools.win32_11.0.1.201907311258/tools/bin/../lib/gcc/arm-none-eabi/8.2.1/thumb/v6-m/nofp\libcr_eabihelpers.a(memcpy.o)
 .ARM.attributes
                0x00000000       0x1c c:/nxp/mcuxpressoide_11.0.1_2563/ide/plugins/com.nxp.mcuxpresso.tools.win32_11.0.1.201907311258/tools/bin/../lib/gcc/arm-none-eabi/8.2.1/thumb/v6-m/nofp\libcr_eabihelpers.a(memcpy.o)

Memory Configuration

Name             Origin             Length             Attributes
PROGRAM_FLASH    0x00000000         0x00020000         xr
SRAM             0x1ffff000         0x00004000         xrw
*default*        0x00000000         0xffffffff

Linker script and memory map

LOAD ./debug/main.o
LOAD ./debug/startup_MKL25Z4.o
LOAD ./debug/system_MKL25Z4.o
LOAD ./debug/board.o
LOAD ./debug/clock_config.o
LOAD ./debug/peripherals.o
LOAD ./debug/pin_mux.o
LOAD ./debug/fsl_clock.o
LOAD ./debug/fsl_common.o
LOAD ./debug/fsl_flash.o
LOAD ./debug/fsl_gpio.o
LOAD ./debug/fsl_lpsci.o
LOAD ./debug/fsl_smc.o
LOAD ./debug/fsl_uart.o
LOAD ./debug/flash.o
LOAD ./debug/fsl_debug_console.o
START GROUP
LOAD c:/nxp/mcuxpressoide_11.0.1_2563/ide/plugins/com.nxp.mcuxpresso.tools.win32_11.0.1.201907311258/tools/bin/../lib/gcc/arm-none-eabi/8.2.1/../../../../arm-none-eabi/lib/thumb/v6-m/nofp\libcr_semihost_nf.a
LOAD c:/nxp/mcuxpressoide_11.0.1_2563/ide/plugins/com.nxp.mcuxpresso.tools.win32_11.0.1.201907311258/tools/bin/../lib/gcc/arm-none-eabi/8.2.1/../../../../arm-none-eabi/lib/thumb/v6-m/nofp\libcr_c.a
LOAD c:/nxp/mcuxpressoide_11.0.1_2563/ide/plugins/com.nxp.mcuxpresso.tools.win32_11.0.1.201907311258/tools/bin/../lib/gcc/arm-none-eabi/8.2.1/thumb/v6-m/nofp\libcr_eabihelpers.a
LOAD c:/nxp/mcuxpressoide_11.0.1_2563/ide/plugins/com.nxp.mcuxpresso.tools.win32_11.0.1.201907311258/tools/bin/../lib/gcc/arm-none-eabi/8.2.1/thumb/v6-m/nofp\libgcc.a
END GROUP
                0x00000000                __base_PROGRAM_FLASH = 0x0
                0x00000000                __base_Flash = 0x0
                0x00020000                __top_PROGRAM_FLASH = 0x20000
                0x00020000                __top_Flash = 0x20000
                0x1ffff000                __base_SRAM = 0x1ffff000
                0x1ffff000                __base_RAM = 0x1ffff000
                0x20003000                __top_SRAM = 0x20003000
                0x20003000                __top_RAM = 0x20003000

.text           0x00000000     0x27c0
 FILL mask 0xff
                0x00000000                __vectors_start__ = ABSOLUTE (.)
 *(.isr_vector)
 .isr_vector    0x00000000       0xc0 ./debug/startup_MKL25Z4.o
                0x00000000                g_pfnVectors
                0x00000000                __Vectors
                0x000000c0                . = ALIGN (0x4)
                0x000000c0                __section_table_start = .
                0x000000c0                __data_section_table = .
                0x000000c0        0x4 LONG 0x27c0 LOADADDR (.data)
                0x000000c4        0x4 LONG 0x1ffff000 ADDR (.data)
                0x000000c8        0x4 LONG 0x8 SIZEOF (.data)
                0x000000cc                __data_section_table_end = .
                0x000000cc                __bss_section_table = .
                0x000000cc        0x4 LONG 0x1ffff008 ADDR (.bss)
                0x000000d0        0x4 LONG 0x30 SIZEOF (.bss)
                0x000000d4                __bss_section_table_end = .
                0x000000d4                __section_table_end = .
 *(.after_vectors*)
 .after_vectors.init_data
                0x000000d4       0x40 ./debug/startup_MKL25Z4.o
                0x000000d4                data_init
 .after_vectors.init_bss
                0x00000114       0x34 ./debug/startup_MKL25Z4.o
                0x00000114                bss_init
 .after_vectors.reset
                0x00000148       0x84 ./debug/startup_MKL25Z4.o
                0x00000148                ResetISR
 .after_vectors
                0x000001cc      0x1e4 ./debug/startup_MKL25Z4.o
                0x000001cc                NMI_Handler
                0x000001d2                HardFault_Handler
                0x000001d8                SVC_Handler
                0x000001de                PendSV_Handler
                0x000001e4                SysTick_Handler
                0x000001ea                LPTMR0_DriverIRQHandler
                0x000001ea                Reserved39_DriverIRQHandler
                0x000001ea                I2C0_DriverIRQHandler
                0x000001ea                SPI1_DriverIRQHandler
                0x000001ea                DMA0_DriverIRQHandler
                0x000001ea                PORTD_DriverIRQHandler
                0x000001ea                DMA2_DriverIRQHandler
                0x000001ea                CMP0_DriverIRQHandler
                0x000001ea                TPM2_DriverIRQHandler
                0x000001ea                ADC0_DriverIRQHandler
                0x000001ea                SPI0_DriverIRQHandler
                0x000001ea                TSI0_DriverIRQHandler
                0x000001ea                RTC_Seconds_DriverIRQHandler
                0x000001ea                I2C1_DriverIRQHandler
                0x000001ea                DMA3_DriverIRQHandler
                0x000001ea                LLWU_DriverIRQHandler
                0x000001ea                MCG_DriverIRQHandler
                0x000001ea                DMA1_DriverIRQHandler
                0x000001ea                PIT_DriverIRQHandler
                0x000001ea                RTC_DriverIRQHandler
                0x000001ea                FTFA_DriverIRQHandler
                0x000001ea                IntDefaultHandler
                0x000001ea                USB0_DriverIRQHandler
                0x000001ea                DAC0_DriverIRQHandler
                0x000001ea                TPM1_DriverIRQHandler
                0x000001ea                LVD_LVW_DriverIRQHandler
                0x000001ea                TPM0_DriverIRQHandler
                0x000001ea                PORTA_DriverIRQHandler
                0x000001ea                Reserved20_DriverIRQHandler
                0x000001ea                Reserved45_DriverIRQHandler
                0x000001f0                DMA0_IRQHandler
                0x000001fe                DMA1_IRQHandler
                0x0000020c                DMA2_IRQHandler
                0x0000021a                DMA3_IRQHandler
                0x00000228                Reserved20_IRQHandler
                0x00000236                FTFA_IRQHandler
                0x00000244                LVD_LVW_IRQHandler
                0x00000252                LLWU_IRQHandler
                0x00000260                I2C0_IRQHandler
                0x0000026e                I2C1_IRQHandler
                0x0000027c                SPI0_IRQHandler
                0x0000028a                SPI1_IRQHandler
                0x00000298                UART0_IRQHandler
                0x000002a6                UART1_IRQHandler
                0x000002b4                UART2_IRQHandler
                0x000002c2                ADC0_IRQHandler
                0x000002d0                CMP0_IRQHandler
                0x000002de                TPM0_IRQHandler
                0x000002ec                TPM1_IRQHandler
                0x000002fa                TPM2_IRQHandler
                0x00000308                RTC_IRQHandler
                0x00000316                RTC_Seconds_IRQHandler
                0x00000324                PIT_IRQHandler
                0x00000332                Reserved39_IRQHandler
                0x00000340                USB0_IRQHandler
                0x0000034e                DAC0_IRQHandler
                0x0000035c                TSI0_IRQHandler
                0x0000036a                MCG_IRQHandler
                0x00000378                LPTMR0_IRQHandler
                0x00000386                Reserved45_IRQHandler
                0x00000394                PORTA_IRQHandler
                0x000003a2                PORTD_IRQHandler
                0x00000400                . = 0x400
 *fill*         0x000003b0       0x50 ff
                0x00000400                PROVIDE (__FLASH_CONFIG_START__ = .)
 *(.FlashConfig)
 .FlashConfig   0x00000400       0x10 ./debug/startup_MKL25Z4.o
                0x00000400                Flash_Config
                0x00000410                PROVIDE (__FLASH_CONFIG_END__ = .)
                0x00000001                ASSERT (! ((__FLASH_CONFIG_START__ == __FLASH_CONFIG_END__)), Linker Flash Config Support Enabled, but no .FlashConfig section provided within application)
 *(.text*)
 .text.main     0x00000410       0x84 ./debug/main.o
                0x00000410                main
 .text.SystemInit
                0x00000494       0x18 ./debug/system_MKL25Z4.o
                0x00000494                SystemInit
 .text.CLOCK_SetLpsci0Clock
                0x000004ac       0x38 ./debug/board.o
 .text.BOARD_InitDebugConsole
                0x000004e4       0x30 ./debug/board.o
                0x000004e4                BOARD_InitDebugConsole
 .text.CLOCK_SetSimSafeDivs
                0x00000514       0x20 ./debug/clock_config.o
 .text.CLOCK_SetXtal0Freq
                0x00000534       0x1c ./debug/clock_config.o
 .text.CLOCK_CONFIG_SetFllExtRefDiv
                0x00000550       0x3c ./debug/clock_config.o
 .text.BOARD_InitBootClocks
                0x0000058c        0xe ./debug/clock_config.o
                0x0000058c                BOARD_InitBootClocks
 *fill*         0x0000059a        0x2 ff
 .text.BOARD_BootClockRUN
                0x0000059c       0x64 ./debug/clock_config.o
                0x0000059c                BOARD_BootClockRUN
 .text.BOARD_InitBootPeripherals
                0x00000600        0xa ./debug/peripherals.o
                0x00000600                BOARD_InitBootPeripherals
 *fill*         0x0000060a        0x2 ff
 .text.CLOCK_EnableClock
                0x0000060c       0x34 ./debug/pin_mux.o
 .text.PORT_SetPinConfig
                0x00000640       0x48 ./debug/pin_mux.o
 .text.PORT_SetPinMux
                0x00000688       0x40 ./debug/pin_mux.o
 .text.BOARD_InitBootPins
                0x000006c8        0xe ./debug/pin_mux.o
                0x000006c8                BOARD_InitBootPins
 *fill*         0x000006d6        0x2 ff
 .text.BOARD_InitPins
                0x000006d8      0x198 ./debug/pin_mux.o
                0x000006d8                BOARD_InitPins
 .text.CLOCK_SetEr32kClock
                0x00000870       0x34 ./debug/fsl_clock.o
 .text.CLOCK_SetPllFllSelClock
                0x000008a4       0x38 ./debug/fsl_clock.o
 .text.OSC_SetExtRefClkConfig
                0x000008dc       0x3e ./debug/fsl_clock.o
 .text.OSC_SetCapLoad
                0x0000091a       0x42 ./debug/fsl_clock.o
 .text.CLOCK_GetMcgExtClkFreq
                0x0000095c       0x34 ./debug/fsl_clock.o
 .text.CLOCK_GetFllExtRefClkFreq
                0x00000990       0xa4 ./debug/fsl_clock.o
 .text.CLOCK_GetFllRefClkFreq
                0x00000a34       0x2c ./debug/fsl_clock.o
 .text.CLOCK_GetPll0RefFreq
                0x00000a60       0x10 ./debug/fsl_clock.o
 .text.CLOCK_GetOscRangeFromFreq
                0x00000a70       0x4c ./debug/fsl_clock.o
 .text.CLOCK_GetPllFllSelClkFreq
                0x00000abc       0x4c ./debug/fsl_clock.o
                0x00000abc                CLOCK_GetPllFllSelClkFreq
 .text.CLOCK_SetSimConfig
                0x00000b08       0x38 ./debug/fsl_clock.o
                0x00000b08                CLOCK_SetSimConfig
 .text.CLOCK_GetFllFreq
                0x00000b40       0x84 ./debug/fsl_clock.o
                0x00000b40                CLOCK_GetFllFreq
 .text.CLOCK_GetPll0Freq
                0x00000bc4       0x80 ./debug/fsl_clock.o
                0x00000bc4                CLOCK_GetPll0Freq
 .text.CLOCK_SetExternalRefClkConfig
                0x00000c44       0x16 ./debug/fsl_clock.o
                0x00000c44                CLOCK_SetExternalRefClkConfig
 *fill*         0x00000c5a        0x2 ff
 .text.CLOCK_SetInternalRefClkConfig
                0x00000c5c      0x124 ./debug/fsl_clock.o
                0x00000c5c                CLOCK_SetInternalRefClkConfig
 .text.CLOCK_EnablePll0
                0x00000d80       0xa0 ./debug/fsl_clock.o
                0x00000d80                CLOCK_EnablePll0
 .text.CLOCK_InitOsc0
                0x00000e20       0x94 ./debug/fsl_clock.o
                0x00000e20                CLOCK_InitOsc0
 .text.CLOCK_SetPbeMode
                0x00000eb4       0xc0 ./debug/fsl_clock.o
                0x00000eb4                CLOCK_SetPbeMode
 .text.CLOCK_BootToPeeMode
                0x00000f74       0x80 ./debug/fsl_clock.o
                0x00000f74                CLOCK_BootToPeeMode
 .text.__assert_func
                0x00000ff4       0x28 ./debug/fsl_common.o
                0x00000ff4                __assert_func
 .text.GPIO_WritePinOutput
                0x0000101c       0x34 ./debug/fsl_gpio.o
 .text.GPIO_PinInit
                0x00001050       0x70 ./debug/fsl_gpio.o
                0x00001050                GPIO_PinInit
 .text.CLOCK_EnableClock
                0x000010c0       0x34 ./debug/fsl_lpsci.o
 .text.LPSCI_GetInstance
                0x000010f4       0x54 ./debug/fsl_lpsci.o
                0x000010f4                LPSCI_GetInstance
 .text.LPSCI_Init
                0x00001148      0x268 ./debug/fsl_lpsci.o
                0x00001148                LPSCI_Init
 .text.LPSCI_GetDefaultConfig
                0x000013b0       0x54 ./debug/fsl_lpsci.o
                0x000013b0                LPSCI_GetDefaultConfig
 .text.LPSCI_GetStatusFlags
                0x00001404       0x26 ./debug/fsl_lpsci.o
                0x00001404                LPSCI_GetStatusFlags
 *fill*         0x0000142a        0x2 ff
 .text.LPSCI_ClearStatusFlags
                0x0000142c       0x94 ./debug/fsl_lpsci.o
                0x0000142c                LPSCI_ClearStatusFlags
 .text.LPSCI_WriteBlocking
                0x000014c0       0x5c ./debug/fsl_lpsci.o
                0x000014c0                LPSCI_WriteBlocking
 .text.LPSCI_ReadBlocking
                0x0000151c       0xd0 ./debug/fsl_lpsci.o
                0x0000151c                LPSCI_ReadBlocking
 .text.UART0_DriverIRQHandler
                0x000015ec       0x24 ./debug/fsl_lpsci.o
                0x000015ec                UART0_DriverIRQHandler
 .text.CLOCK_EnableClock
                0x00001610       0x34 ./debug/fsl_uart.o
 .text.UART_GetInstance
                0x00001644       0x60 ./debug/fsl_uart.o
                0x00001644                UART_GetInstance
 .text.UART_Init
                0x000016a4      0x1f0 ./debug/fsl_uart.o
                0x000016a4                UART_Init
 .text.UART_GetDefaultConfig
                0x00001894       0x54 ./debug/fsl_uart.o
                0x00001894                UART_GetDefaultConfig
 .text.UART_GetStatusFlags
                0x000018e8       0x26 ./debug/fsl_uart.o
                0x000018e8                UART_GetStatusFlags
 .text.UART_WriteBlocking
                0x0000190e       0x3a ./debug/fsl_uart.o
                0x0000190e                UART_WriteBlocking
 .text.UART_ReadBlocking
                0x00001948       0xa8 ./debug/fsl_uart.o
                0x00001948                UART_ReadBlocking
 .text.UART1_DriverIRQHandler
                0x000019f0       0x24 ./debug/fsl_uart.o
                0x000019f0                UART1_DriverIRQHandler
 .text.UART2_DriverIRQHandler
                0x00001a14       0x24 ./debug/fsl_uart.o
                0x00001a14                UART2_DriverIRQHandler
 .text.GPIO_WritePinOutput
                0x00001a38       0x34 ./debug/flash.o
 .text.GPIO_SetPinsOutput
                0x00001a6c       0x18 ./debug/flash.o
 .text.GPIO_TogglePinsOutput
                0x00001a84       0x18 ./debug/flash.o
 .text.delayMS  0x00001a9c       0x3a ./debug/flash.o
                0x00001a9c                delayMS
 *fill*         0x00001ad6        0x2 ff
 .text.initLEDs
                0x00001ad8       0x60 ./debug/flash.o
                0x00001ad8                initLEDs
 .text.ledShiftState
                0x00001b38       0xc8 ./debug/flash.o
                0x00001b38                ledShiftState
 .text.UART_EnableTx
                0x00001c00       0x40 ./debug/fsl_debug_console.o
 .text.UART_EnableRx
                0x00001c40       0x40 ./debug/fsl_debug_console.o
 .text.LPSCI_EnableTx
                0x00001c80       0x40 ./debug/fsl_debug_console.o
 .text.LPSCI_EnableRx
                0x00001cc0       0x40 ./debug/fsl_debug_console.o
 .text.DbgConsole_Init
                0x00001d00       0xf0 ./debug/fsl_debug_console.o
                0x00001d00                DbgConsole_Init
 .text.DbgConsole_Printf
                0x00001df0       0x44 ./debug/fsl_debug_console.o
                0x00001df0                DbgConsole_Printf
 .text.DbgConsole_Putchar
                0x00001e34       0x34 ./debug/fsl_debug_console.o
                0x00001e34                DbgConsole_Putchar
 .text.DbgConsole_PrintfPaddingCharacter
                0x00001e68       0x46 ./debug/fsl_debug_console.o
 .text.DbgConsole_ConvertRadixNumToString
                0x00001eae      0x114 ./debug/fsl_debug_console.o
 .text.DbgConsole_PrintfFormattedData
                0x00001fc2      0x336 ./debug/fsl_debug_console.o
 .text.strlen   0x000022f8       0x58 c:/nxp/mcuxpressoide_11.0.1_2563/ide/plugins/com.nxp.mcuxpresso.tools.win32_11.0.1.201907311258/tools/bin/../lib/gcc/arm-none-eabi/8.2.1/../../../../arm-none-eabi/lib/thumb/v6-m/nofp\libcr_c.a(strlen.o)
                0x000022f8                strlen
 .text.__aeabi_division_idivmod
                0x00002350       0x78 c:/nxp/mcuxpressoide_11.0.1_2563/ide/plugins/com.nxp.mcuxpresso.tools.win32_11.0.1.201907311258/tools/bin/../lib/gcc/arm-none-eabi/8.2.1/thumb/v6-m/nofp\libcr_eabihelpers.a(division_32.o)
                0x00002350                __aeabi_idivmod
                0x00002350                __aeabi_idiv
                0x00002356                __aeabi_uidivmod
                0x00002356                __aeabi_uidiv
 .text.__aeabi_division_idiv0
                0x000023c8        0x2 c:/nxp/mcuxpressoide_11.0.1_2563/ide/plugins/com.nxp.mcuxpresso.tools.win32_11.0.1.201907311258/tools/bin/../lib/gcc/arm-none-eabi/8.2.1/thumb/v6-m/nofp\libcr_eabihelpers.a(division_idiv0.o)
                0x000023c8                __aeabi_idiv0
 *(.rodata .rodata.* .constdata .constdata.*)
 *fill*         0x000023ca        0x2 ff
 .rodata.DELAY_TIMES
                0x000023cc       0x28 ./debug/main.o
 .rodata        0x000023f4       0x14 ./debug/main.o
 .rodata.mcgConfig_BOARD_BootClockRUN
                0x00002408        0xa ./debug/clock_config.o
                0x00002408                mcgConfig_BOARD_BootClockRUN
 *fill*         0x00002412        0x2 ff
 .rodata.simConfig_BOARD_BootClockRUN
                0x00002414        0x8 ./debug/clock_config.o
                0x00002414                simConfig_BOARD_BootClockRUN
 .rodata.oscConfig_BOARD_BootClockRUN
                0x0000241c        0x8 ./debug/clock_config.o
                0x0000241c                oscConfig_BOARD_BootClockRUN
 .rodata        0x00002424       0x1e ./debug/pin_mux.o
 *fill*         0x00002442        0x2 ff
 .rodata.__func__.5352
                0x00002444       0x12 ./debug/pin_mux.o
 *fill*         0x00002456        0x2 ff
 .rodata        0x00002458       0x43 ./debug/fsl_clock.o
 *fill*         0x0000249b        0x1 ff
 .rodata.__func__.5326
                0x0000249c       0x17 ./debug/fsl_clock.o
 *fill*         0x000024b3        0x1 ff
 .rodata.fllFactorTable.5432
                0x000024b4       0x10 ./debug/fsl_clock.o
 .rodata.__func__.5447
                0x000024c4       0x12 ./debug/fsl_clock.o
 *fill*         0x000024d6        0x2 ff
 .rodata.__func__.5487
                0x000024d8       0x11 ./debug/fsl_clock.o
 *fill*         0x000024e9        0x3 ff
 .rodata.__func__.5624
                0x000024ec       0x11 ./debug/fsl_clock.o
 *fill*         0x000024fd        0x3 ff
 .rodata.__func__.5691
                0x00002500       0x14 ./debug/fsl_clock.o
 .rodata        0x00002514       0x3e ./debug/fsl_common.o
 *fill*         0x00002552        0x2 ff
 .rodata        0x00002554       0x3f ./debug/fsl_gpio.o
 *fill*         0x00002593        0x1 ff
 .rodata.__func__.5347
                0x00002594        0xd ./debug/fsl_gpio.o
 *fill*         0x000025a1        0x3 ff
 .rodata        0x000025a4       0xae ./debug/fsl_lpsci.o
 *fill*         0x00002652        0x2 ff
 .rodata.__func__.5507
                0x00002654       0x12 ./debug/fsl_lpsci.o
 *fill*         0x00002666        0x2 ff
 .rodata.__func__.5543
                0x00002668        0xb ./debug/fsl_lpsci.o
 *fill*         0x00002673        0x1 ff
 .rodata.__func__.5564
                0x00002674       0x17 ./debug/fsl_lpsci.o
 *fill*         0x0000268b        0x1 ff
 .rodata.__func__.5609
                0x0000268c       0x14 ./debug/fsl_lpsci.o
 .rodata.__func__.5621
                0x000026a0       0x13 ./debug/fsl_lpsci.o
 *fill*         0x000026b3        0x1 ff
 .rodata.s_uartBases
                0x000026b4        0xc ./debug/fsl_uart.o
 .rodata.s_uartClock
                0x000026c0        0xc ./debug/fsl_uart.o
 .rodata        0x000026cc       0xa6 ./debug/fsl_uart.o
 *fill*         0x00002772        0x2 ff
 .rodata.__func__.5510
                0x00002774       0x11 ./debug/fsl_uart.o
 *fill*         0x00002785        0x3 ff
 .rodata.__func__.5526
                0x00002788        0xa ./debug/fsl_uart.o
 *fill*         0x00002792        0x2 ff
 .rodata.__func__.5539
                0x00002794       0x16 ./debug/fsl_uart.o
 *fill*         0x000027aa        0x2 ff
 .rodata.__func__.5597
                0x000027ac       0x12 ./debug/fsl_uart.o
                0x000027c0                . = ALIGN (0x4)
 *fill*         0x000027be        0x2 ff

.glue_7         0x000027c0        0x0
 .glue_7        0x000027c0        0x0 linker stubs

.glue_7t        0x000027c0        0x0
 .glue_7t       0x000027c0        0x0 linker stubs

.vfp11_veneer   0x000027c0        0x0
 .vfp11_veneer  0x000027c0        0x0 linker stubs

.v4_bx          0x000027c0        0x0
 .v4_bx         0x000027c0        0x0 linker stubs

.iplt           0x000027c0        0x0
 .iplt          0x000027c0        0x0 ./debug/main.o

.rel.dyn        0x000027c0        0x0
 .rel.iplt      0x000027c0        0x0 ./debug/main.o

.ARM.extab
 *(.ARM.extab* .gnu.linkonce.armextab.*)
                0x000027c0                __exidx_start = .

.ARM.exidx
 *(.ARM.exidx* .gnu.linkonce.armexidx.*)
                0x000027c0                __exidx_end = .
                0x000027c0                _etext = .

.m_usb_data
 *(m_usb_bdt)

.mtb_buffer_default
 *(.mtb*)

.uninit_RESERVED
                0x1ffff000        0x0
                0x1ffff000                . = ALIGN (0x4)
 *(.bss.$RESERVED*)
                0x1ffff000                . = ALIGN (0x4)
                0x1ffff000                _end_uninit_RESERVED = .

.data           0x1ffff000        0x8 load address 0x000027c0
 FILL mask 0xff
                0x1ffff000                _data = .
 *(vtable)
 *(.ramfunc*)
 *(CodeQuickAccess)
 *(DataQuickAccess)
 *(RamFunction)
 *(.data*)
 .data.SystemCoreClock
                0x1ffff000        0x4 ./debug/system_MKL25Z4.o
                0x1ffff000                SystemCoreClock
 .data.s_slowIrcFreq
                0x1ffff004        0x4 ./debug/fsl_clock.o
                0x1ffff008                . = ALIGN (0x4)
                0x1ffff008                _edata = .

.igot.plt       0x1ffff008        0x0 load address 0x000027c8
 .igot.plt      0x1ffff008        0x0 ./debug/main.o

.bss            0x1ffff008       0x30 load address 0x000027c8
                0x1ffff008                . = ALIGN (0x4)
                0x1ffff008                _bss = .
 *(.bss*)
 .bss.s_lpsciHandle
                0x1ffff008        0x4 ./debug/fsl_lpsci.o
 .bss.s_lpsciIsr
                0x1ffff00c        0x4 ./debug/fsl_lpsci.o
 .bss.s_uartHandle
                0x1ffff010        0xc ./debug/fsl_uart.o
 .bss.s_uartIsr
                0x1ffff01c        0x4 ./debug/fsl_uart.o
 .bss.s_debugConsole
                0x1ffff020       0x10 ./debug/fsl_debug_console.o
 *(COMMON)
 COMMON         0x1ffff030        0x8 ./debug/fsl_clock.o
                0x1ffff030                g_xtal32Freq
                0x1ffff034                g_xtal0Freq
                0x1ffff038                . = ALIGN (0x4)
                0x1ffff038                _ebss = .
                [!provide]                PROVIDE (end = .)

.noinit         0x1ffff038        0x0 load address 0x000027c8
                0x1ffff038                . = ALIGN (0x4)
                0x1ffff038                _noinit = .
 *(.noinit*)
                0x1ffff038                . = ALIGN (0x4)
                0x1ffff038                _end_noinit = .
                0x00000400                _HeapSize = 0x400

.heap           0x1ffff038      0x400 load address 0x000027c8
                0x1ffff038                _pvHeapStart = .
                0x1ffff438                . = (. + _HeapSize)
 *fill*         0x1ffff038      0x400 
                0x1ffff438                . = ALIGN (0x4)
                0x1ffff438                _pvHeapLimit = .
                0x00000400                _StackSize = 0x400

.heap2stackfill
                0x1ffff438      0x400 load address 0x000027c8
                0x1ffff838                . = (. + _StackSize)
 *fill*         0x1ffff438      0x400 

.stack          0x20002c00        0x0
                0x20002c00                _vStackBase = .
                0x20002c00                . = ALIGN (0x4)
                0x20003000                _vStackTop = (. + _StackSize)
                0x00000000                _image_start = LOADADDR (.text)
                0x000027c8                _image_end = (LOADADDR (.data) + SIZEOF (.data))
                0x000027c8                _image_size = (_image_end - _image_start)
OUTPUT(./debug/PES_Project_2.axf elf32-littlearm)

.debug_info     0x00000000     0xedb8
 .debug_info    0x00000000      0xd3a ./debug/main.o
 .debug_info    0x00000d3a      0x4f5 ./debug/startup_MKL25Z4.o
 .debug_info    0x0000122f      0x421 ./debug/system_MKL25Z4.o
 .debug_info    0x00001650      0xf78 ./debug/board.o
 .debug_info    0x000025c8     0x137c ./debug/clock_config.o
 .debug_info    0x00003944       0x38 ./debug/peripherals.o
 .debug_info    0x0000397c     0x10d6 ./debug/pin_mux.o
 .debug_info    0x00004a52     0x2409 ./debug/fsl_clock.o
 .debug_info    0x00006e5b      0xce0 ./debug/fsl_common.o
 .debug_info    0x00007b3b      0xe2c ./debug/fsl_gpio.o
 .debug_info    0x00008967     0x1f25 ./debug/fsl_lpsci.o
 .debug_info    0x0000a88c     0x1ea2 ./debug/fsl_uart.o
 .debug_info    0x0000c72e      0xeac ./debug/flash.o
 .debug_info    0x0000d5da     0x17de ./debug/fsl_debug_console.o

.debug_abbrev   0x00000000     0x25af
 .debug_abbrev  0x00000000      0x234 ./debug/main.o
 .debug_abbrev  0x00000234      0x17b ./debug/startup_MKL25Z4.o
 .debug_abbrev  0x000003af      0x12b ./debug/system_MKL25Z4.o
 .debug_abbrev  0x000004da      0x259 ./debug/board.o
 .debug_abbrev  0x00000733      0x2e5 ./debug/clock_config.o
 .debug_abbrev  0x00000a18       0x2e ./debug/peripherals.o
 .debug_abbrev  0x00000a46      0x322 ./debug/pin_mux.o
 .debug_abbrev  0x00000d68      0x436 ./debug/fsl_clock.o
 .debug_abbrev  0x0000119e      0x379 ./debug/fsl_common.o
 .debug_abbrev  0x00001517      0x299 ./debug/fsl_gpio.o
 .debug_abbrev  0x000017b0      0x3c2 ./debug/fsl_lpsci.o
 .debug_abbrev  0x00001b72      0x3dc ./debug/fsl_uart.o
 .debug_abbrev  0x00001f4e      0x2d8 ./debug/flash.o
 .debug_abbrev  0x00002226      0x389 ./debug/fsl_debug_console.o

.debug_aranges  0x00000000      0x808
 .debug_aranges
                0x00000000       0x20 ./debug/main.o
 .debug_aranges
                0x00000020      0x160 ./debug/startup_MKL25Z4.o
 .debug_aranges
                0x00000180       0x28 ./debug/system_MKL25Z4.o
 .debug_aranges
                0x000001a8       0x28 ./debug/board.o
 .debug_aranges
                0x000001d0       0x58 ./debug/clock_config.o
 .debug_aranges
                0x00000228       0x20 ./debug/peripherals.o
 .debug_aranges
                0x00000248       0x40 ./debug/pin_mux.o
 .debug_aranges
                0x00000288      0x1d8 ./debug/fsl_clock.o
 .debug_aranges
                0x00000460       0x38 ./debug/fsl_common.o
 .debug_aranges
                0x00000498       0x40 ./debug/fsl_gpio.o
 .debug_aranges
                0x000004d8      0x118 ./debug/fsl_lpsci.o
 .debug_aranges
                0x000005f0      0x130 ./debug/fsl_uart.o
 .debug_aranges
                0x00000720       0x48 ./debug/flash.o
 .debug_aranges
                0x00000768       0xa0 ./debug/fsl_debug_console.o

.debug_ranges   0x00000000      0x728
 .debug_ranges  0x00000000       0x10 ./debug/main.o
 .debug_ranges  0x00000010      0x150 ./debug/startup_MKL25Z4.o
 .debug_ranges  0x00000160       0x18 ./debug/system_MKL25Z4.o
 .debug_ranges  0x00000178       0x18 ./debug/board.o
 .debug_ranges  0x00000190       0x48 ./debug/clock_config.o
 .debug_ranges  0x000001d8       0x10 ./debug/peripherals.o
 .debug_ranges  0x000001e8       0x30 ./debug/pin_mux.o
 .debug_ranges  0x00000218      0x1c8 ./debug/fsl_clock.o
 .debug_ranges  0x000003e0       0x28 ./debug/fsl_common.o
 .debug_ranges  0x00000408       0x30 ./debug/fsl_gpio.o
 .debug_ranges  0x00000438      0x108 ./debug/fsl_lpsci.o
 .debug_ranges  0x00000540      0x120 ./debug/fsl_uart.o
 .debug_ranges  0x00000660       0x38 ./debug/flash.o
 .debug_ranges  0x00000698       0x90 ./debug/fsl_debug_console.o

.debug_line     0x00000000     0x567a
 .debug_line    0x00000000      0x2b1 ./debug/main.o
 .debug_line    0x000002b1      0x246 ./debug/startup_MKL25Z4.o
 .debug_line    0x000004f7      0x2bd ./debug/system_MKL25Z4.o
 .debug_line    0x000007b4      0x2a0 ./debug/board.o
 .debug_line    0x00000a54      0x37d ./debug/clock_config.o
 .debug_line    0x00000dd1       0x48 ./debug/peripherals.o
 .debug_line    0x00000e19      0x35a ./debug/pin_mux.o
 .debug_line    0x00001173     0x12cd ./debug/fsl_clock.o
 .debug_line    0x00002440      0x3e2 ./debug/fsl_common.o
 .debug_line    0x00002822      0x358 ./debug/fsl_gpio.o
 .debug_line    0x00002b7a      0xd51 ./debug/fsl_lpsci.o
 .debug_line    0x000038cb      0xd3f ./debug/fsl_uart.o
 .debug_line    0x0000460a      0x37e ./debug/flash.o
 .debug_line    0x00004988      0xcf2 ./debug/fsl_debug_console.o

.debug_str      0x00000000     0x4285
 .debug_str     0x00000000      0x8ec ./debug/main.o
                                0x987 (size before relaxing)
 .debug_str     0x000008ec      0x391 ./debug/startup_MKL25Z4.o
                                0x4ab (size before relaxing)
 .debug_str     0x00000c7d      0x137 ./debug/system_MKL25Z4.o
                                0x30c (size before relaxing)
 .debug_str     0x00000db4       0x54 ./debug/board.o
                                0xa4a (size before relaxing)
 .debug_str     0x00000e08      0x751 ./debug/clock_config.o
                               0x1188 (size before relaxing)
 .debug_str     0x00001559       0x2e ./debug/peripherals.o
                                0x135 (size before relaxing)
 .debug_str     0x00001587      0x572 ./debug/pin_mux.o
                                0xc28 (size before relaxing)
 .debug_str     0x00001af9      0xb63 ./debug/fsl_clock.o
                               0x1bbf (size before relaxing)
 .debug_str     0x0000265c      0x304 ./debug/fsl_common.o
                                0x8c3 (size before relaxing)
 .debug_str     0x00002960       0xae ./debug/fsl_gpio.o
                                0xbd1 (size before relaxing)
 .debug_str     0x00002a0e      0xac9 ./debug/fsl_lpsci.o
                               0x1987 (size before relaxing)
 .debug_str     0x000034d7      0x8e3 ./debug/fsl_uart.o
                               0x1993 (size before relaxing)
 .debug_str     0x00003dba       0x72 ./debug/flash.o
                                0xa1a (size before relaxing)
 .debug_str     0x00003e2c      0x459 ./debug/fsl_debug_console.o
                               0x1190 (size before relaxing)

.comment        0x00000000       0x75
 .comment       0x00000000       0x75 ./debug/main.o
                                 0x76 (size before relaxing)
 .comment       0x00000075       0x76 ./debug/startup_MKL25Z4.o
 .comment       0x00000075       0x76 ./debug/system_MKL25Z4.o
 .comment       0x00000075       0x76 ./debug/board.o
 .comment       0x00000075       0x76 ./debug/clock_config.o
 .comment       0x00000075       0x76 ./debug/peripherals.o
 .comment       0x00000075       0x76 ./debug/pin_mux.o
 .comment       0x00000075       0x76 ./debug/fsl_clock.o
 .comment       0x00000075       0x76 ./debug/fsl_common.o
 .comment       0x00000075       0x76 ./debug/fsl_gpio.o
 .comment       0x00000075       0x76 ./debug/fsl_lpsci.o
 .comment       0x00000075       0x76 ./debug/fsl_uart.o
 .comment       0x00000075       0x76 ./debug/flash.o
 .comment       0x00000075       0x76 ./debug/fsl_debug_console.o
 .comment       0x00000075       0x76 c:/nxp/mcuxpressoide_11.0.1_2563/ide/plugins/com.nxp.mcuxpresso.tools.win32_11.0.1.201907311258/tools/bin/../lib/gcc/arm-none-eabi/8.2.1/../../../../arm-none-eabi/lib/thumb/v6-m/nofp\libcr_c.a(strlen.o)

.ARM.attributes
                0x00000000       0x2a
 .ARM.attributes
                0x00000000       0x2c ./debug/main.o
 .ARM.attributes
                0x0000002c       0x2c ./debug/startup_MKL25Z4.o
 .ARM.attributes
                0x00000058       0x2c ./debug/system_MKL25Z4.o
 .ARM.attributes
                0x00000084       0x2c ./debug/board.o
 .ARM.attributes
                0x000000b0       0x2c ./debug/clock_config.o
 .ARM.attributes
                0x000000dc       0x2c ./debug/peripherals.o
 .ARM.attributes
                0x00000108       0x2c ./debug/pin_mux.o
 .ARM.attributes
                0x00000134       0x2c ./debug/fsl_clock.o
 .ARM.attributes
                0x00000160       0x2c ./debug/fsl_common.o
 .ARM.attributes
                0x0000018c       0x2c ./debug/fsl_gpio.o
 .ARM.attributes
                0x000001b8       0x2c ./debug/fsl_lpsci.o
 .ARM.attributes
                0x000001e4       0x2c ./debug/fsl_uart.o
 .ARM.attributes
                0x00000210       0x2c ./debug/flash.o
 .ARM.attributes
                0x0000023c       0x2c ./debug/fsl_debug_console.o
 .ARM.attributes
                0x00000268       0x2c c:/nxp/mcuxpressoide_11.0.1_2563/ide/plugins/com.nxp.mcuxpresso.tools.win32_11.0.1.201907311258/tools/bin/../lib/gcc/arm-none-eabi/8.2.1/../../../../arm-none-eabi/lib/thumb/v6-m/nofp\libcr_c.a(strlen.o)
 .ARM.attributes
                0x00000294       0x1c c:/nxp/mcuxpressoide_11.0.1_2563/ide/plugins/com.nxp.mcuxpresso.tools.win32_11.0.1.201907311258/tools/bin/../lib/gcc/arm-none-eabi/8.2.1/thumb/v6-m/nofp\libcr_eabihelpers.a(division_32.o)
 .ARM.attributes
                0x000002b0       0x1c c:/nxp/mcuxpressoide_11.0.1_2563/ide/plugins/com.nxp.mcuxpresso.tools.win32_11.0.1.201907311258/tools/bin/../lib/gcc/arm-none-eabi/8.2.1/thumb/v6-m/nofp\libcr_eabihelpers.a(division_idiv0.o)

.debug_frame    0x00000000     0x1adc
 .debug_frame   0x00000000       0x30 ./debug/main.o
 .debug_frame   0x00000030      0x498 ./debug/startup_MKL25Z4.o
 .debug_frame   0x000004c8       0x4c ./debug/system_MKL25Z4.o
 .debug_frame   0x00000514       0x50 ./debug/board.o
 .debug_frame   0x00000564      0x100 ./debug/clock_config.o
 .debug_frame   0x00000664       0x2c ./debug/peripherals.o
 .debug_frame   0x00000690       0xac ./debug/pin_mux.o
 .debug_frame   0x0000073c      0x6e4 ./debug/fsl_clock.o
 .debug_frame   0x00000e20       0x90 ./debug/fsl_common.o
 .debug_frame   0x00000eb0       0xb0 ./debug/fsl_gpio.o
 .debug_frame   0x00000f60      0x418 ./debug/fsl_lpsci.o
 .debug_frame   0x00001378      0x468 ./debug/fsl_uart.o
 .debug_frame   0x000017e0       0xcc ./debug/flash.o
 .debug_frame   0x000018ac      0x230 ./debug/fsl_debug_console.o
